[2025-10-01T13:22:42.536+1000][gc,init] CardTable entry size: 512
[2025-10-01T13:22:42.536+1000][gc     ] Using G1
[2025-10-01T13:22:42.537+1000][gc,init] Version: 24.0.2+12 (release)
[2025-10-01T13:22:42.537+1000][gc,init] CPUs: 8 total, 8 available
[2025-10-01T13:22:42.537+1000][gc,init] Memory: 16384M
[2025-10-01T13:22:42.537+1000][gc,init] Large Page Support: Disabled
[2025-10-01T13:22:42.537+1000][gc,init] NUMA Support: Disabled
[2025-10-01T13:22:42.537+1000][gc,init] Compressed Oops: Enabled (Zero based)
[2025-10-01T13:22:42.537+1000][gc,init] Heap Region Size: 1M
[2025-10-01T13:22:42.537+1000][gc,init] Heap Min Capacity: 1G
[2025-10-01T13:22:42.537+1000][gc,init] Heap Initial Capacity: 1G
[2025-10-01T13:22:42.537+1000][gc,init] Heap Max Capacity: 1G
[2025-10-01T13:22:42.537+1000][gc,init] Pre-touch: Disabled
[2025-10-01T13:22:42.537+1000][gc,init] Parallel Workers: 8
[2025-10-01T13:22:42.537+1000][gc,init] Concurrent Workers: 2
[2025-10-01T13:22:42.537+1000][gc,init] Concurrent Refinement Workers: 8
[2025-10-01T13:22:42.537+1000][gc,init] Periodic GC: Disabled
[2025-10-01T13:22:42.539+1000][gc,metaspace] CDS archive(s) mapped at: [0x000000fe00000000-0x000000fe00d18000-0x000000fe00d18000), size 13729792, SharedBaseAddress: 0x000000fe00000000, ArchiveRelocationMode: 1.
[2025-10-01T13:22:42.539+1000][gc,metaspace] Compressed class space mapped at: 0x000000fe01000000-0x000000fe41000000, reserved size: 1073741824
[2025-10-01T13:22:42.539+1000][gc,metaspace] UseCompressedClassPointers 1, UseCompactObjectHeaders 0
[2025-10-01T13:22:42.539+1000][gc,metaspace] Narrow klass pointer bits 32, Max shift 3
[2025-10-01T13:22:42.539+1000][gc,metaspace] Narrow klass base: 0x000000fe00000000, Narrow klass shift: 0
[2025-10-01T13:22:42.539+1000][gc,metaspace] Encoding Range: [0x000000fe00000000 - 0x000000ff00000000), (4294967296 bytes)
[2025-10-01T13:22:42.539+1000][gc,metaspace] Klass Range:    [0x000000fe00000000 - 0x000000fe41000000), (1090519040 bytes)
[2025-10-01T13:22:42.539+1000][gc,metaspace] Klass ID Range:  [8 - 1090519033) (1090519025)
[2025-10-01T13:22:43.083+1000][gc,start    ] GC(0) Pause Young (Normal) (G1 Evacuation Pause)
[2025-10-01T13:22:43.083+1000][gc,task     ] GC(0) Using 8 workers of 8 for evacuation
[2025-10-01T13:22:43.086+1000][gc,phases   ] GC(0)   Pre Evacuate Collection Set: 0.08ms
[2025-10-01T13:22:43.086+1000][gc,phases   ] GC(0)   Merge Heap Roots: 0.03ms
[2025-10-01T13:22:43.086+1000][gc,phases   ] GC(0)   Evacuate Collection Set: 2.02ms
[2025-10-01T13:22:43.086+1000][gc,phases   ] GC(0)   Post Evacuate Collection Set: 0.23ms
[2025-10-01T13:22:43.086+1000][gc,phases   ] GC(0)   Other: 0.16ms
[2025-10-01T13:22:43.086+1000][gc,heap     ] GC(0) Eden regions: 51->0(44)
[2025-10-01T13:22:43.086+1000][gc,heap     ] GC(0) Survivor regions: 0->7(7)
[2025-10-01T13:22:43.086+1000][gc,heap     ] GC(0) Old regions: 2->4
[2025-10-01T13:22:43.086+1000][gc,heap     ] GC(0) Humongous regions: 0->0
[2025-10-01T13:22:43.086+1000][gc,metaspace] GC(0) Metaspace: 16418K(16640K)->16418K(16640K) NonClass: 14952K(15104K)->14952K(15104K) Class: 1465K(1536K)->1465K(1536K)
[2025-10-01T13:22:43.086+1000][gc          ] GC(0) Pause Young (Normal) (G1 Evacuation Pause) 52M->9M(1024M) 2.656ms
[2025-10-01T13:22:43.086+1000][gc,cpu      ] GC(0) User=0.01s Sys=0.00s Real=0.00s
[2025-10-01T13:22:43.196+1000][gc,start    ] GC(1) Pause Young (Concurrent Start) (Metadata GC Threshold)
[2025-10-01T13:22:43.196+1000][gc,task     ] GC(1) Using 8 workers of 8 for evacuation
[2025-10-01T13:22:43.198+1000][gc,phases   ] GC(1)   Pre Evacuate Collection Set: 0.15ms
[2025-10-01T13:22:43.198+1000][gc,phases   ] GC(1)   Merge Heap Roots: 0.03ms
[2025-10-01T13:22:43.198+1000][gc,phases   ] GC(1)   Evacuate Collection Set: 1.33ms
[2025-10-01T13:22:43.198+1000][gc,phases   ] GC(1)   Post Evacuate Collection Set: 0.15ms
[2025-10-01T13:22:43.198+1000][gc,phases   ] GC(1)   Other: 0.04ms
[2025-10-01T13:22:43.198+1000][gc,heap     ] GC(1) Eden regions: 15->0(84)
[2025-10-01T13:22:43.198+1000][gc,heap     ] GC(1) Survivor regions: 7->2(7)
[2025-10-01T13:22:43.198+1000][gc,heap     ] GC(1) Old regions: 4->11
[2025-10-01T13:22:43.198+1000][gc,heap     ] GC(1) Humongous regions: 0->0
[2025-10-01T13:22:43.198+1000][gc,metaspace] GC(1) Metaspace: 21323K(21504K)->21323K(21504K) NonClass: 19208K(19328K)->19208K(19328K) Class: 2114K(2176K)->2114K(2176K)
[2025-10-01T13:22:43.198+1000][gc          ] GC(1) Pause Young (Concurrent Start) (Metadata GC Threshold) 24M->11M(1024M) 1.827ms
[2025-10-01T13:22:43.198+1000][gc          ] GC(2) Concurrent Mark Cycle
[2025-10-01T13:22:43.198+1000][gc,cpu      ] GC(1) User=0.01s Sys=0.00s Real=0.00s
[2025-10-01T13:22:43.198+1000][gc,marking  ] GC(2) Concurrent Scan Root Regions
[2025-10-01T13:22:43.199+1000][gc,marking  ] GC(2) Concurrent Scan Root Regions 1.088ms
[2025-10-01T13:22:43.199+1000][gc,marking  ] GC(2) Concurrent Mark
[2025-10-01T13:22:43.199+1000][gc,marking  ] GC(2) Concurrent Mark From Roots
[2025-10-01T13:22:43.199+1000][gc,task     ] GC(2) Using 2 workers of 2 for marking
[2025-10-01T13:22:43.200+1000][gc,marking  ] GC(2) Concurrent Mark From Roots 0.848ms
[2025-10-01T13:22:43.200+1000][gc,marking  ] GC(2) Concurrent Preclean
[2025-10-01T13:22:43.200+1000][gc,marking  ] GC(2) Concurrent Preclean 0.004ms
[2025-10-01T13:22:43.201+1000][gc,start    ] GC(2) Pause Remark
[2025-10-01T13:22:43.202+1000][gc          ] GC(2) Pause Remark 11M->11M(1024M) 0.829ms
[2025-10-01T13:22:43.202+1000][gc,cpu      ] GC(2) User=0.00s Sys=0.00s Real=0.00s
[2025-10-01T13:22:43.202+1000][gc,marking  ] GC(2) Concurrent Mark 2.369ms
[2025-10-01T13:22:43.202+1000][gc,marking  ] GC(2) Concurrent Rebuild Remembered Sets and Scrub Regions
[2025-10-01T13:22:43.203+1000][gc,marking  ] GC(2) Concurrent Rebuild Remembered Sets and Scrub Regions 1.161ms
[2025-10-01T13:22:43.203+1000][gc,start    ] GC(2) Pause Cleanup
[2025-10-01T13:22:43.203+1000][gc          ] GC(2) Pause Cleanup 11M->11M(1024M) 0.014ms
[2025-10-01T13:22:43.203+1000][gc,cpu      ] GC(2) User=0.00s Sys=0.00s Real=0.00s
[2025-10-01T13:22:43.203+1000][gc,marking  ] GC(2) Concurrent Clear Claimed Marks
[2025-10-01T13:22:43.203+1000][gc,marking  ] GC(2) Concurrent Clear Claimed Marks 0.012ms
[2025-10-01T13:22:43.203+1000][gc,marking  ] GC(2) Concurrent Cleanup for Next Mark
[2025-10-01T13:22:43.204+1000][gc,marking  ] GC(2) Concurrent Cleanup for Next Mark 0.940ms
[2025-10-01T13:22:43.204+1000][gc          ] GC(2) Concurrent Mark Cycle 5.707ms
[2025-10-01T13:22:43.609+1000][gc,start    ] GC(3) Pause Young (Prepare Mixed) (Metadata GC Threshold)
[2025-10-01T13:22:43.609+1000][gc,task     ] GC(3) Using 8 workers of 8 for evacuation
[2025-10-01T13:22:43.612+1000][gc,phases   ] GC(3)   Pre Evacuate Collection Set: 0.09ms
[2025-10-01T13:22:43.612+1000][gc,phases   ] GC(3)   Merge Heap Roots: 0.04ms
[2025-10-01T13:22:43.612+1000][gc,phases   ] GC(3)   Evacuate Collection Set: 2.62ms
[2025-10-01T13:22:43.612+1000][gc,phases   ] GC(3)   Post Evacuate Collection Set: 0.22ms
[2025-10-01T13:22:43.612+1000][gc,phases   ] GC(3)   Other: 0.05ms
[2025-10-01T13:22:43.612+1000][gc,heap     ] GC(3) Eden regions: 77->0(86)
[2025-10-01T13:22:43.612+1000][gc,heap     ] GC(3) Survivor regions: 2->7(11)
[2025-10-01T13:22:43.612+1000][gc,heap     ] GC(3) Old regions: 11->11
[2025-10-01T13:22:43.612+1000][gc,heap     ] GC(3) Humongous regions: 12->12
[2025-10-01T13:22:43.612+1000][gc,metaspace] GC(3) Metaspace: 35757K(36160K)->35757K(36160K) NonClass: 32170K(32384K)->32170K(32384K) Class: 3586K(3776K)->3586K(3776K)
[2025-10-01T13:22:43.612+1000][gc          ] GC(3) Pause Young (Prepare Mixed) (Metadata GC Threshold) 100M->28M(1024M) 3.121ms
[2025-10-01T13:22:43.612+1000][gc,cpu      ] GC(3) User=0.02s Sys=0.01s Real=0.01s
[2025-10-01T13:22:43.618+1000][gc,start    ] GC(4) Pause Young (Mixed) (Metadata GC Threshold)
[2025-10-01T13:22:43.618+1000][gc,task     ] GC(4) Using 8 workers of 8 for evacuation
[2025-10-01T13:22:43.620+1000][gc,phases   ] GC(4)   Pre Evacuate Collection Set: 0.09ms
[2025-10-01T13:22:43.620+1000][gc,phases   ] GC(4)   Merge Heap Roots: 0.03ms
[2025-10-01T13:22:43.620+1000][gc,phases   ] GC(4)   Evacuate Collection Set: 1.62ms
[2025-10-01T13:22:43.620+1000][gc,phases   ] GC(4)   Post Evacuate Collection Set: 0.17ms
[2025-10-01T13:22:43.620+1000][gc,phases   ] GC(4)   Other: 0.04ms
[2025-10-01T13:22:43.620+1000][gc,heap     ] GC(4) Eden regions: 7->0(99)
[2025-10-01T13:22:43.620+1000][gc,heap     ] GC(4) Survivor regions: 7->7(12)
[2025-10-01T13:22:43.620+1000][gc,heap     ] GC(4) Old regions: 11->11
[2025-10-01T13:22:43.620+1000][gc,heap     ] GC(4) Humongous regions: 12->12
[2025-10-01T13:22:43.620+1000][gc,metaspace] GC(4) Metaspace: 36027K(36480K)->36027K(36480K) NonClass: 32393K(32640K)->32393K(32640K) Class: 3634K(3840K)->3634K(3840K)
[2025-10-01T13:22:43.620+1000][gc          ] GC(4) Pause Young (Mixed) (Metadata GC Threshold) 34M->28M(1024M) 2.047ms
[2025-10-01T13:22:43.620+1000][gc,cpu      ] GC(4) User=0.01s Sys=0.00s Real=0.01s
[2025-10-01T13:22:43.631+1000][gc,start    ] GC(5) Pause Young (Concurrent Start) (Metadata GC Threshold)
[2025-10-01T13:22:43.631+1000][gc,task     ] GC(5) Using 8 workers of 8 for evacuation
[2025-10-01T13:22:43.633+1000][gc,phases   ] GC(5)   Pre Evacuate Collection Set: 0.08ms
[2025-10-01T13:22:43.633+1000][gc,phases   ] GC(5)   Merge Heap Roots: 0.03ms
[2025-10-01T13:22:43.633+1000][gc,phases   ] GC(5)   Evacuate Collection Set: 1.20ms
[2025-10-01T13:22:43.633+1000][gc,phases   ] GC(5)   Post Evacuate Collection Set: 0.15ms
[2025-10-01T13:22:43.633+1000][gc,phases   ] GC(5)   Other: 0.04ms
[2025-10-01T13:22:43.633+1000][gc,heap     ] GC(5) Eden regions: 6->0(161)
[2025-10-01T13:22:43.633+1000][gc,heap     ] GC(5) Survivor regions: 7->7(14)
[2025-10-01T13:22:43.633+1000][gc,heap     ] GC(5) Old regions: 11->11
[2025-10-01T13:22:43.633+1000][gc,heap     ] GC(5) Humongous regions: 12->11
[2025-10-01T13:22:43.633+1000][gc,metaspace] GC(5) Metaspace: 36320K(36800K)->36320K(36800K) NonClass: 32641K(32896K)->32641K(32896K) Class: 3678K(3904K)->3678K(3904K)
[2025-10-01T13:22:43.633+1000][gc          ] GC(5) Pause Young (Concurrent Start) (Metadata GC Threshold) 34M->27M(1024M) 1.580ms
[2025-10-01T13:22:43.633+1000][gc          ] GC(6) Concurrent Mark Cycle
[2025-10-01T13:22:43.633+1000][gc,cpu      ] GC(5) User=0.01s Sys=0.00s Real=0.00s
[2025-10-01T13:22:43.633+1000][gc,marking  ] GC(6) Concurrent Scan Root Regions
[2025-10-01T13:22:43.634+1000][gc,marking  ] GC(6) Concurrent Scan Root Regions 1.493ms
[2025-10-01T13:22:43.634+1000][gc,marking  ] GC(6) Concurrent Mark
[2025-10-01T13:22:43.634+1000][gc,marking  ] GC(6) Concurrent Mark From Roots
[2025-10-01T13:22:43.634+1000][gc,task     ] GC(6) Using 2 workers of 2 for marking
[2025-10-01T13:22:43.638+1000][gc,marking  ] GC(6) Concurrent Mark From Roots 3.722ms
[2025-10-01T13:22:43.638+1000][gc,marking  ] GC(6) Concurrent Preclean
[2025-10-01T13:22:43.638+1000][gc,marking  ] GC(6) Concurrent Preclean 0.033ms
[2025-10-01T13:22:43.638+1000][gc,start    ] GC(6) Pause Remark
[2025-10-01T13:22:43.639+1000][gc          ] GC(6) Pause Remark 31M->31M(1024M) 1.113ms
[2025-10-01T13:22:43.639+1000][gc,cpu      ] GC(6) User=0.01s Sys=0.00s Real=0.00s
[2025-10-01T13:22:43.639+1000][gc,marking  ] GC(6) Concurrent Mark 4.984ms
[2025-10-01T13:22:43.639+1000][gc,marking  ] GC(6) Concurrent Rebuild Remembered Sets and Scrub Regions
[2025-10-01T13:22:43.642+1000][gc,marking  ] GC(6) Concurrent Rebuild Remembered Sets and Scrub Regions 2.325ms
[2025-10-01T13:22:43.642+1000][gc,start    ] GC(6) Pause Cleanup
[2025-10-01T13:22:43.642+1000][gc          ] GC(6) Pause Cleanup 32M->32M(1024M) 0.061ms
[2025-10-01T13:22:43.642+1000][gc,cpu      ] GC(6) User=0.00s Sys=0.00s Real=0.00s
[2025-10-01T13:22:43.642+1000][gc,marking  ] GC(6) Concurrent Clear Claimed Marks
[2025-10-01T13:22:43.642+1000][gc,marking  ] GC(6) Concurrent Clear Claimed Marks 0.011ms
[2025-10-01T13:22:43.642+1000][gc,marking  ] GC(6) Concurrent Cleanup for Next Mark
[2025-10-01T13:22:43.643+1000][gc,marking  ] GC(6) Concurrent Cleanup for Next Mark 0.957ms
[2025-10-01T13:22:43.643+1000][gc          ] GC(6) Concurrent Mark Cycle 10.062ms
[2025-10-01T13:25:13.094+1000][gc,start    ] GC(7) Pause Young (Prepare Mixed) (G1 Evacuation Pause)
[2025-10-01T13:25:13.096+1000][gc,task     ] GC(7) Using 8 workers of 8 for evacuation
[2025-10-01T13:25:13.133+1000][gc,mmu      ] GC(7) MMU target violated: 21.0ms (20.0ms/21.0ms)
[2025-10-01T13:25:13.133+1000][gc,phases   ] GC(7)   Pre Evacuate Collection Set: 1.62ms
[2025-10-01T13:25:13.133+1000][gc,phases   ] GC(7)   Merge Heap Roots: 0.36ms
[2025-10-01T13:25:13.133+1000][gc,phases   ] GC(7)   Evacuate Collection Set: 34.44ms
[2025-10-01T13:25:13.133+1000][gc,phases   ] GC(7)   Post Evacuate Collection Set: 0.84ms
[2025-10-01T13:25:13.133+1000][gc,phases   ] GC(7)   Other: 0.31ms
[2025-10-01T13:25:13.133+1000][gc,heap     ] GC(7) Eden regions: 157->0(33)
[2025-10-01T13:25:13.133+1000][gc,heap     ] GC(7) Survivor regions: 7->18(21)
[2025-10-01T13:25:13.133+1000][gc,heap     ] GC(7) Old regions: 11->11
[2025-10-01T13:25:13.133+1000][gc,heap     ] GC(7) Humongous regions: 182->145
[2025-10-01T13:25:13.133+1000][gc,metaspace] GC(7) Metaspace: 47997K(48768K)->47997K(48768K) NonClass: 42910K(43392K)->42910K(43392K) Class: 5087K(5376K)->5087K(5376K)
[2025-10-01T13:25:13.133+1000][gc          ] GC(7) Pause Young (Prepare Mixed) (G1 Evacuation Pause) 355M->173M(1024M) 39.395ms
[2025-10-01T13:25:13.133+1000][gc,cpu      ] GC(7) User=0.08s Sys=0.08s Real=0.04s
[2025-10-01T13:26:13.728+1000][gc,start    ] GC(8) Pause Young (Mixed) (G1 Evacuation Pause)
[2025-10-01T13:26:13.729+1000][gc,task     ] GC(8) Using 8 workers of 8 for evacuation
[2025-10-01T13:26:13.752+1000][gc,mmu      ] GC(8) MMU target violated: 21.0ms (20.0ms/21.0ms)
[2025-10-01T13:26:13.752+1000][gc,phases   ] GC(8)   Pre Evacuate Collection Set: 0.49ms
[2025-10-01T13:26:13.752+1000][gc,phases   ] GC(8)   Merge Heap Roots: 0.14ms
[2025-10-01T13:26:13.752+1000][gc,phases   ] GC(8)   Evacuate Collection Set: 21.47ms
[2025-10-01T13:26:13.752+1000][gc,phases   ] GC(8)   Post Evacuate Collection Set: 0.59ms
[2025-10-01T13:26:13.752+1000][gc,phases   ] GC(8)   Other: 0.29ms
[2025-10-01T13:26:13.752+1000][gc,heap     ] GC(8) Eden regions: 33->0(69)
[2025-10-01T13:26:13.752+1000][gc,heap     ] GC(8) Survivor regions: 18->4(7)
[2025-10-01T13:26:13.752+1000][gc,heap     ] GC(8) Old regions: 11->27
[2025-10-01T13:26:13.752+1000][gc,heap     ] GC(8) Humongous regions: 145->145
[2025-10-01T13:26:13.752+1000][gc,metaspace] GC(8) Metaspace: 48112K(48832K)->48112K(48832K) NonClass: 43025K(43456K)->43025K(43456K) Class: 5087K(5376K)->5087K(5376K)
[2025-10-01T13:26:13.752+1000][gc          ] GC(8) Pause Young (Mixed) (G1 Evacuation Pause) 206M->175M(1024M) 24.003ms
[2025-10-01T13:26:13.752+1000][gc,cpu      ] GC(8) User=0.07s Sys=0.02s Real=0.03s
[2025-10-01T13:29:56.766+1000][gc,start    ] GC(9) Pause Young (Normal) (G1 Evacuation Pause)
[2025-10-01T13:29:56.767+1000][gc,task     ] GC(9) Using 8 workers of 8 for evacuation
[2025-10-01T13:29:56.783+1000][gc,phases   ] GC(9)   Pre Evacuate Collection Set: 1.69ms
[2025-10-01T13:29:56.783+1000][gc,phases   ] GC(9)   Merge Heap Roots: 0.35ms
[2025-10-01T13:29:56.783+1000][gc,phases   ] GC(9)   Evacuate Collection Set: 12.97ms
[2025-10-01T13:29:56.783+1000][gc,phases   ] GC(9)   Post Evacuate Collection Set: 0.55ms
[2025-10-01T13:29:56.783+1000][gc,phases   ] GC(9)   Other: 0.29ms
[2025-10-01T13:29:56.783+1000][gc,heap     ] GC(9) Eden regions: 68->0(46)
[2025-10-01T13:29:56.783+1000][gc,heap     ] GC(9) Survivor regions: 4->6(9)
[2025-10-01T13:29:56.783+1000][gc,heap     ] GC(9) Old regions: 27->27
[2025-10-01T13:29:56.783+1000][gc,heap     ] GC(9) Humongous regions: 145->145
[2025-10-01T13:29:56.783+1000][gc,metaspace] GC(9) Metaspace: 48392K(49088K)->48392K(49088K) NonClass: 43299K(43712K)->43299K(43712K) Class: 5092K(5376K)->5092K(5376K)
[2025-10-01T13:29:56.783+1000][gc          ] GC(9) Pause Young (Normal) (G1 Evacuation Pause) 243M->177M(1024M) 17.440ms
[2025-10-01T13:29:56.783+1000][gc,cpu      ] GC(9) User=0.04s Sys=0.02s Real=0.02s
[2025-10-01T13:32:20.354+1000][gc,start    ] GC(10) Pause Young (Normal) (G1 Evacuation Pause)
[2025-10-01T13:32:20.355+1000][gc,task     ] GC(10) Using 8 workers of 8 for evacuation
[2025-10-01T13:32:20.371+1000][gc,phases   ] GC(10)   Pre Evacuate Collection Set: 1.34ms
[2025-10-01T13:32:20.371+1000][gc,phases   ] GC(10)   Merge Heap Roots: 0.39ms
[2025-10-01T13:32:20.371+1000][gc,phases   ] GC(10)   Evacuate Collection Set: 13.69ms
[2025-10-01T13:32:20.371+1000][gc,phases   ] GC(10)   Post Evacuate Collection Set: 0.41ms
[2025-10-01T13:32:20.371+1000][gc,phases   ] GC(10)   Other: 0.30ms
[2025-10-01T13:32:20.371+1000][gc,heap     ] GC(10) Eden regions: 45->0(60)
[2025-10-01T13:32:20.371+1000][gc,heap     ] GC(10) Survivor regions: 6->4(7)
[2025-10-01T13:32:20.371+1000][gc,heap     ] GC(10) Old regions: 27->33
[2025-10-01T13:32:20.371+1000][gc,heap     ] GC(10) Humongous regions: 145->145
[2025-10-01T13:32:20.371+1000][gc,metaspace] GC(10) Metaspace: 48510K(49280K)->48510K(49280K) NonClass: 43417K(43904K)->43417K(43904K) Class: 5092K(5376K)->5092K(5376K)
[2025-10-01T13:32:20.371+1000][gc          ] GC(10) Pause Young (Normal) (G1 Evacuation Pause) 222M->181M(1024M) 16.848ms
[2025-10-01T13:32:20.371+1000][gc,cpu      ] GC(10) User=0.03s Sys=0.01s Real=0.02s
[2025-10-01T13:33:58.647+1000][gc,heap,exit] Heap
[2025-10-01T13:33:58.647+1000][gc,heap,exit]  garbage-first heap   total reserved 1048576K, committed 1048576K, used 229996K [0x00000007c0000000, 0x0000000800000000)
[2025-10-01T13:33:58.647+1000][gc,heap,exit]   region size 1024K, 48 young (49152K), 4 survivors (4096K)
[2025-10-01T13:33:58.647+1000][gc,heap,exit]  Metaspace       used 49268K, committed 50112K, reserved 1114112K
[2025-10-01T13:33:58.647+1000][gc,heap,exit]   class space    used 5273K, committed 5632K, reserved 1048576K
