[2025-10-05 12:02:00,975] INFO Cleaner 0: Beginning cleaning of log __consumer_offsets-32 (org.apache.kafka.storage.internals.log.Cleaner)
[2025-10-05 12:02:00,976] INFO Cleaner 0: Building offset map for __consumer_offsets-32... (org.apache.kafka.storage.internals.log.Cleaner)
[2025-10-05 12:02:01,004] INFO Cleaner 0: Building offset map for log __consumer_offsets-32 for 1 segments in offset range [0, 41145). (org.apache.kafka.storage.internals.log.Cleaner)
[2025-10-05 12:02:01,168] INFO Cleaner 0: Offset map for log __consumer_offsets-32 complete. (org.apache.kafka.storage.internals.log.Cleaner)
[2025-10-05 12:02:01,198] INFO Cleaner 0: Cleaning log __consumer_offsets-32 (cleaning prior to Sun Oct 05 12:01:51 GMT 2025, discarding tombstones prior to upper bound deletion horizon Thu Jan 01 00:00:00 GMT 1970)... (org.apache.kafka.storage.internals.log.Cleaner)
[2025-10-05 12:02:01,203] INFO Cleaner 0: Cleaning LogSegment(baseOffset=0, size=5270993, lastModifiedTime=1759665711895, largestRecordTimestamp=1759665711891) in log __consumer_offsets-32 into 0 with an upper bound deletion horizon 0 computed from the segment last modified time of 1759665711895,retaining deletes. (org.apache.kafka.storage.internals.log.Cleaner)
[2025-10-05 12:02:01,315] INFO Cleaner 0: Swapping in cleaned segment LogSegment(baseOffset=0, size=554, lastModifiedTime=1759665711895, largestRecordTimestamp=1759665711891) for segment(s) [LogSegment(baseOffset=0, size=5270993, lastModifiedTime=1759665711895, largestRecordTimestamp=1759665711891)] in log Log(dir=/home/opc/kafka-logs/__consumer_offsets-32, topicId=YushYB4NSXKRQRaNCXb4ZQ, topic=__consumer_offsets, partition=32, highWatermark=41146, lastStableOffset=41146, logStartOffset=0, logEndOffset=41146) (org.apache.kafka.storage.internals.log.Cleaner)
[2025-10-05 12:02:01,327] INFO [kafka-log-cleaner-thread-0]: 
	Log cleaner thread 0 cleaned log __consumer_offsets-32 (dirty section = [0, 41145])
	5.0 MB of log processed in 0.3 seconds (14.7 MB/sec).
	Indexed 5.0 MB in 0.2 seconds (26.2 Mb/sec, 56.0% of total time)
	Buffer utilization: 0.0%
	Cleaned 5.0 MB in 0.2 seconds (33.3 Mb/sec, 44.0% of total time)
	Start size: 5.0 MB (41,145 messages)
	End size: 0.0 MB (3 messages)
	100.0% size reduction (100.0% fewer messages)
 (org.apache.kafka.storage.internals.log.LogCleaner$CleanerThread)
[2025-10-05 12:02:46,337] INFO Cleaner 0: Beginning cleaning of log __consumer_offsets-3 (org.apache.kafka.storage.internals.log.Cleaner)
[2025-10-05 12:02:46,337] INFO Cleaner 0: Building offset map for __consumer_offsets-3... (org.apache.kafka.storage.internals.log.Cleaner)
[2025-10-05 12:02:46,352] INFO Cleaner 0: Building offset map for log __consumer_offsets-3 for 1 segments in offset range [0, 40320). (org.apache.kafka.storage.internals.log.Cleaner)
[2025-10-05 12:02:46,396] INFO Cleaner 0: Offset map for log __consumer_offsets-3 complete. (org.apache.kafka.storage.internals.log.Cleaner)
[2025-10-05 12:02:46,397] INFO Cleaner 0: Cleaning log __consumer_offsets-3 (cleaning prior to Sun Oct 05 12:02:35 GMT 2025, discarding tombstones prior to upper bound deletion horizon Thu Jan 01 00:00:00 GMT 1970)... (org.apache.kafka.storage.internals.log.Cleaner)
[2025-10-05 12:02:46,397] INFO Cleaner 0: Cleaning LogSegment(baseOffset=0, size=5041283, lastModifiedTime=1759665755791, largestRecordTimestamp=1759665755786) in log __consumer_offsets-3 into 0 with an upper bound deletion horizon 0 computed from the segment last modified time of 1759665755791,retaining deletes. (org.apache.kafka.storage.internals.log.Cleaner)
[2025-10-05 12:02:46,455] INFO Cleaner 0: Swapping in cleaned segment LogSegment(baseOffset=0, size=449, lastModifiedTime=1759665755791, largestRecordTimestamp=1759665755786) for segment(s) [LogSegment(baseOffset=0, size=5041283, lastModifiedTime=1759665755791, largestRecordTimestamp=1759665755786)] in log Log(dir=/home/opc/kafka-logs/__consumer_offsets-3, topicId=YushYB4NSXKRQRaNCXb4ZQ, topic=__consumer_offsets, partition=3, highWatermark=40322, lastStableOffset=40322, logStartOffset=0, logEndOffset=40322) (org.apache.kafka.storage.internals.log.Cleaner)
[2025-10-05 12:02:46,459] INFO [kafka-log-cleaner-thread-0]: 
	Log cleaner thread 0 cleaned log __consumer_offsets-3 (dirty section = [0, 40320])
	4.8 MB of log processed in 0.1 seconds (40.1 MB/sec).
	Indexed 4.8 MB in 0.1 seconds (81.5 Mb/sec, 49.2% of total time)
	Buffer utilization: 0.0%
	Cleaned 4.8 MB in 0.1 seconds (78.8 Mb/sec, 50.8% of total time)
	Start size: 4.8 MB (40,320 messages)
	End size: 0.0 MB (2 messages)
	100.0% size reduction (100.0% fewer messages)
 (org.apache.kafka.storage.internals.log.LogCleaner$CleanerThread)
[2025-10-05 12:03:16,465] INFO Cleaner 0: Beginning cleaning of log __consumer_offsets-29 (org.apache.kafka.storage.internals.log.Cleaner)
[2025-10-05 12:03:16,465] INFO Cleaner 0: Building offset map for __consumer_offsets-29... (org.apache.kafka.storage.internals.log.Cleaner)
[2025-10-05 12:03:16,480] INFO Cleaner 0: Building offset map for log __consumer_offsets-29 for 1 segments in offset range [0, 39572). (org.apache.kafka.storage.internals.log.Cleaner)
[2025-10-05 12:03:16,519] INFO Cleaner 0: Offset map for log __consumer_offsets-29 complete. (org.apache.kafka.storage.internals.log.Cleaner)
[2025-10-05 12:03:16,519] INFO Cleaner 0: Cleaning log __consumer_offsets-29 (cleaning prior to Sun Oct 05 12:03:07 GMT 2025, discarding tombstones prior to upper bound deletion horizon Thu Jan 01 00:00:00 GMT 1970)... (org.apache.kafka.storage.internals.log.Cleaner)
[2025-10-05 12:03:16,520] INFO Cleaner 0: Cleaning LogSegment(baseOffset=0, size=5304581, lastModifiedTime=1759665787220, largestRecordTimestamp=1759665787216) in log __consumer_offsets-29 into 0 with an upper bound deletion horizon 0 computed from the segment last modified time of 1759665787220,retaining deletes. (org.apache.kafka.storage.internals.log.Cleaner)
[2025-10-05 12:03:16,552] INFO Cleaner 0: Swapping in cleaned segment LogSegment(baseOffset=0, size=471, lastModifiedTime=1759665787220, largestRecordTimestamp=1759665787216) for segment(s) [LogSegment(baseOffset=0, size=5304581, lastModifiedTime=1759665787220, largestRecordTimestamp=1759665787216)] in log Log(dir=/home/opc/kafka-logs/__consumer_offsets-29, topicId=YushYB4NSXKRQRaNCXb4ZQ, topic=__consumer_offsets, partition=29, highWatermark=39573, lastStableOffset=39573, logStartOffset=0, logEndOffset=39573) (org.apache.kafka.storage.internals.log.Cleaner)
[2025-10-05 12:03:16,555] INFO [kafka-log-cleaner-thread-0]: 
	Log cleaner thread 0 cleaned log __consumer_offsets-29 (dirty section = [0, 39572])
	5.1 MB of log processed in 0.1 seconds (56.8 MB/sec).
	Indexed 5.1 MB in 0.1 seconds (93.7 Mb/sec, 60.7% of total time)
	Buffer utilization: 0.0%
	Cleaned 5.1 MB in 0.0 seconds (144.5 Mb/sec, 39.3% of total time)
	Start size: 5.1 MB (39,572 messages)
	End size: 0.0 MB (2 messages)
	100.0% size reduction (100.0% fewer messages)
 (org.apache.kafka.storage.internals.log.LogCleaner$CleanerThread)
[2025-10-05 12:03:16,559] INFO Cleaner 0: Beginning cleaning of log __consumer_offsets-4 (org.apache.kafka.storage.internals.log.Cleaner)
[2025-10-05 12:03:16,559] INFO Cleaner 0: Building offset map for __consumer_offsets-4... (org.apache.kafka.storage.internals.log.Cleaner)
[2025-10-05 12:03:16,576] INFO Cleaner 0: Building offset map for log __consumer_offsets-4 for 1 segments in offset range [0, 41192). (org.apache.kafka.storage.internals.log.Cleaner)
[2025-10-05 12:03:16,602] INFO Cleaner 0: Offset map for log __consumer_offsets-4 complete. (org.apache.kafka.storage.internals.log.Cleaner)
[2025-10-05 12:03:16,602] INFO Cleaner 0: Cleaning log __consumer_offsets-4 (cleaning prior to Sun Oct 05 12:03:06 GMT 2025, discarding tombstones prior to upper bound deletion horizon Thu Jan 01 00:00:00 GMT 1970)... (org.apache.kafka.storage.internals.log.Cleaner)
[2025-10-05 12:03:16,603] INFO Cleaner 0: Cleaning LogSegment(baseOffset=0, size=5562702, lastModifiedTime=1759665786905, largestRecordTimestamp=1759665786900) in log __consumer_offsets-4 into 0 with an upper bound deletion horizon 0 computed from the segment last modified time of 1759665786905,retaining deletes. (org.apache.kafka.storage.internals.log.Cleaner)
[2025-10-05 12:03:16,647] INFO Cleaner 0: Swapping in cleaned segment LogSegment(baseOffset=0, size=568, lastModifiedTime=1759665786905, largestRecordTimestamp=1759665786900) for segment(s) [LogSegment(baseOffset=0, size=5562702, lastModifiedTime=1759665786905, largestRecordTimestamp=1759665786900)] in log Log(dir=/home/opc/kafka-logs/__consumer_offsets-4, topicId=YushYB4NSXKRQRaNCXb4ZQ, topic=__consumer_offsets, partition=4, highWatermark=41193, lastStableOffset=41193, logStartOffset=0, logEndOffset=41193) (org.apache.kafka.storage.internals.log.Cleaner)
[2025-10-05 12:03:16,649] INFO [kafka-log-cleaner-thread-0]: 
	Log cleaner thread 0 cleaned log __consumer_offsets-4 (dirty section = [0, 41192])
	5.3 MB of log processed in 0.1 seconds (58.9 MB/sec).
	Indexed 5.3 MB in 0.0 seconds (123.4 Mb/sec, 47.8% of total time)
	Buffer utilization: 0.0%
	Cleaned 5.3 MB in 0.0 seconds (112.9 Mb/sec, 52.2% of total time)
	Start size: 5.3 MB (41,192 messages)
	End size: 0.0 MB (3 messages)
	100.0% size reduction (100.0% fewer messages)
 (org.apache.kafka.storage.internals.log.LogCleaner$CleanerThread)
[2025-10-05 12:03:16,664] INFO Cleaner 0: Beginning cleaning of log __consumer_offsets-11 (org.apache.kafka.storage.internals.log.Cleaner)
[2025-10-05 12:03:16,664] INFO Cleaner 0: Building offset map for __consumer_offsets-11... (org.apache.kafka.storage.internals.log.Cleaner)
[2025-10-05 12:03:16,682] INFO Cleaner 0: Building offset map for log __consumer_offsets-11 for 1 segments in offset range [0, 41206). (org.apache.kafka.storage.internals.log.Cleaner)
[2025-10-05 12:03:16,712] INFO Cleaner 0: Offset map for log __consumer_offsets-11 complete. (org.apache.kafka.storage.internals.log.Cleaner)
[2025-10-05 12:03:16,712] INFO Cleaner 0: Cleaning log __consumer_offsets-11 (cleaning prior to Sun Oct 05 12:03:06 GMT 2025, discarding tombstones prior to upper bound deletion horizon Thu Jan 01 00:00:00 GMT 1970)... (org.apache.kafka.storage.internals.log.Cleaner)
[2025-10-05 12:03:16,713] INFO Cleaner 0: Cleaning LogSegment(baseOffset=0, size=5482269, lastModifiedTime=1759665786913, largestRecordTimestamp=1759665786908) in log __consumer_offsets-11 into 0 with an upper bound deletion horizon 0 computed from the segment last modified time of 1759665786913,retaining deletes. (org.apache.kafka.storage.internals.log.Cleaner)
[2025-10-05 12:03:16,743] INFO Cleaner 0: Swapping in cleaned segment LogSegment(baseOffset=0, size=464, lastModifiedTime=1759665786913, largestRecordTimestamp=1759665786908) for segment(s) [LogSegment(baseOffset=0, size=5482269, lastModifiedTime=1759665786913, largestRecordTimestamp=1759665786908)] in log Log(dir=/home/opc/kafka-logs/__consumer_offsets-11, topicId=YushYB4NSXKRQRaNCXb4ZQ, topic=__consumer_offsets, partition=11, highWatermark=41207, lastStableOffset=41207, logStartOffset=0, logEndOffset=41207) (org.apache.kafka.storage.internals.log.Cleaner)
[2025-10-05 12:03:16,745] INFO [kafka-log-cleaner-thread-0]: 
	Log cleaner thread 0 cleaned log __consumer_offsets-11 (dirty section = [0, 41206])
	5.2 MB of log processed in 0.1 seconds (64.5 MB/sec).
	Indexed 5.2 MB in 0.0 seconds (108.9 Mb/sec, 59.3% of total time)
	Buffer utilization: 0.0%
	Cleaned 5.2 MB in 0.0 seconds (158.4 Mb/sec, 40.7% of total time)
	Start size: 5.2 MB (41,206 messages)
	End size: 0.0 MB (2 messages)
	100.0% size reduction (100.0% fewer messages)
 (org.apache.kafka.storage.internals.log.LogCleaner$CleanerThread)
[2025-10-05 12:03:16,750] INFO Cleaner 0: Beginning cleaning of log __consumer_offsets-22 (org.apache.kafka.storage.internals.log.Cleaner)
[2025-10-05 12:03:16,750] INFO Cleaner 0: Building offset map for __consumer_offsets-22... (org.apache.kafka.storage.internals.log.Cleaner)
[2025-10-05 12:03:16,766] INFO Cleaner 0: Building offset map for log __consumer_offsets-22 for 1 segments in offset range [0, 40301). (org.apache.kafka.storage.internals.log.Cleaner)
[2025-10-05 12:03:16,790] INFO Cleaner 0: Offset map for log __consumer_offsets-22 complete. (org.apache.kafka.storage.internals.log.Cleaner)
[2025-10-05 12:03:16,790] INFO Cleaner 0: Cleaning log __consumer_offsets-22 (cleaning prior to Sun Oct 05 12:03:08 GMT 2025, discarding tombstones prior to upper bound deletion horizon Thu Jan 01 00:00:00 GMT 1970)... (org.apache.kafka.storage.internals.log.Cleaner)
[2025-10-05 12:03:16,791] INFO Cleaner 0: Cleaning LogSegment(baseOffset=0, size=5321637, lastModifiedTime=1759665788221, largestRecordTimestamp=1759665788217) in log __consumer_offsets-22 into 0 with an upper bound deletion horizon 0 computed from the segment last modified time of 1759665788221,retaining deletes. (org.apache.kafka.storage.internals.log.Cleaner)
[2025-10-05 12:03:16,825] INFO Cleaner 0: Swapping in cleaned segment LogSegment(baseOffset=0, size=465, lastModifiedTime=1759665788221, largestRecordTimestamp=1759665788217) for segment(s) [LogSegment(baseOffset=0, size=5321637, lastModifiedTime=1759665788221, largestRecordTimestamp=1759665788217)] in log Log(dir=/home/opc/kafka-logs/__consumer_offsets-22, topicId=YushYB4NSXKRQRaNCXb4ZQ, topic=__consumer_offsets, partition=22, highWatermark=40302, lastStableOffset=40302, logStartOffset=0, logEndOffset=40302) (org.apache.kafka.storage.internals.log.Cleaner)
[2025-10-05 12:03:16,828] INFO [kafka-log-cleaner-thread-0]: 
	Log cleaner thread 0 cleaned log __consumer_offsets-22 (dirty section = [0, 40301])
	5.1 MB of log processed in 0.1 seconds (65.9 MB/sec).
	Indexed 5.1 MB in 0.0 seconds (126.9 Mb/sec, 51.9% of total time)
	Buffer utilization: 0.0%
	Cleaned 5.1 MB in 0.0 seconds (137.2 Mb/sec, 48.1% of total time)
	Start size: 5.1 MB (40,301 messages)
	End size: 0.0 MB (2 messages)
	100.0% size reduction (100.0% fewer messages)
 (org.apache.kafka.storage.internals.log.LogCleaner$CleanerThread)
