[2025-10-01 23:01:23,596] INFO [GroupCoordinator id=1 topic=__consumer_offsets partition=4] [Group frontend-txn-raw] Member rdkafka-f829fe71-6be9-46e5-ae28-5af7736c67bb has left group through explicit `LeaveGroup` request; client reason: not provided (org.apache.kafka.coordinator.group.GroupMetadataManager)
[2025-10-01 23:01:23,601] INFO [GroupCoordinator id=1 topic=__consumer_offsets partition=4] Preparing to rebalance group frontend-txn-raw in state PreparingRebalance with old generation 21 (reason: explicit `LeaveGroup` request for (rdkafka-f829fe71-6be9-46e5-ae28-5af7736c67bb) members.). (org.apache.kafka.coordinator.group.GroupMetadataManager)
[2025-10-01 23:01:23,601] INFO [GroupCoordinator id=1 topic=__consumer_offsets partition=4] Group frontend-txn-raw with generation 22 is now empty. (org.apache.kafka.coordinator.group.GroupMetadataManager)
[2025-10-01 23:01:24,933] INFO Terminating process due to signal SIGINT (org.apache.kafka.common.utils.LoggingSignalHandler)
[2025-10-01 23:01:24,938] INFO [BrokerServer id=1] Transition from STARTED to SHUTTING_DOWN (kafka.server.BrokerServer)
[2025-10-01 23:01:24,939] INFO [BrokerServer id=1] shutting down (kafka.server.BrokerServer)
[2025-10-01 23:01:24,943] INFO [BrokerLifecycleManager id=1] Beginning controlled shutdown. (kafka.server.BrokerLifecycleManager)
[2025-10-01 23:01:24,961] INFO [BrokerLifecycleManager id=1] The broker is in PENDING_CONTROLLED_SHUTDOWN state, still waiting for the active controller. (kafka.server.BrokerLifecycleManager)
[2025-10-01 23:01:24,968] INFO [ReplicaFetcherManager on broker 1] Removed fetcher for partitions HashSet(__consumer_offsets-30, __consumer_offsets-25, __consumer_offsets-35, __consumer_offsets-37, __consumer_offsets-38, __consumer_offsets-13, behaviours.scored-0, __consumer_offsets-22, __consumer_offsets-8, behaviours.raw-0, __consumer_offsets-21, __consumer_offsets-4, __consumer_offsets-27, __consumer_offsets-7, transactions.scored-0, __consumer_offsets-9, __consumer_offsets-46, __consumer_offsets-41, __consumer_offsets-33, __consumer_offsets-23, __consumer_offsets-49, __consumer_offsets-47, __consumer_offsets-16, __consumer_offsets-28, __consumer_offsets-31, __consumer_offsets-36, __consumer_offsets-42, __consumer_offsets-3, __consumer_offsets-18, __consumer_offsets-15, __consumer_offsets-24, __consumer_offsets-17, __consumer_offsets-48, __consumer_offsets-19, __consumer_offsets-11, __consumer_offsets-2, __consumer_offsets-43, __consumer_offsets-6, __consumer_offsets-14, __consumer_offsets-20, __consumer_offsets-0, __consumer_offsets-44, __consumer_offsets-39, __consumer_offsets-12, __consumer_offsets-45, __consumer_offsets-1, __consumer_offsets-5, __consumer_offsets-26, __consumer_offsets-29, transactions.raw-0, __consumer_offsets-34, __consumer_offsets-10, __consumer_offsets-32, __consumer_offsets-40) (kafka.server.ReplicaFetcherManager)
[2025-10-01 23:01:24,969] INFO [ReplicaAlterLogDirsManager on broker 1] Removed fetcher for partitions HashSet(__consumer_offsets-30, __consumer_offsets-25, __consumer_offsets-35, __consumer_offsets-37, __consumer_offsets-38, __consumer_offsets-13, behaviours.scored-0, __consumer_offsets-22, __consumer_offsets-8, behaviours.raw-0, __consumer_offsets-21, __consumer_offsets-4, __consumer_offsets-27, __consumer_offsets-7, transactions.scored-0, __consumer_offsets-9, __consumer_offsets-46, __consumer_offsets-41, __consumer_offsets-33, __consumer_offsets-23, __consumer_offsets-49, __consumer_offsets-47, __consumer_offsets-16, __consumer_offsets-28, __consumer_offsets-31, __consumer_offsets-36, __consumer_offsets-42, __consumer_offsets-3, __consumer_offsets-18, __consumer_offsets-15, __consumer_offsets-24, __consumer_offsets-17, __consumer_offsets-48, __consumer_offsets-19, __consumer_offsets-11, __consumer_offsets-2, __consumer_offsets-43, __consumer_offsets-6, __consumer_offsets-14, __consumer_offsets-20, __consumer_offsets-0, __consumer_offsets-44, __consumer_offsets-39, __consumer_offsets-12, __consumer_offsets-45, __consumer_offsets-1, __consumer_offsets-5, __consumer_offsets-26, __consumer_offsets-29, transactions.raw-0, __consumer_offsets-34, __consumer_offsets-10, __consumer_offsets-32, __consumer_offsets-40) (kafka.server.ReplicaAlterLogDirsManager)
[2025-10-01 23:01:24,974] INFO [GroupCoordinator id=1] Scheduling unloading of metadata for __consumer_offsets-13 with epoch OptionalInt[27] (org.apache.kafka.coordinator.common.runtime.CoordinatorRuntime)
[2025-10-01 23:01:24,974] INFO [GroupCoordinator id=1] Scheduling unloading of metadata for __consumer_offsets-46 with epoch OptionalInt[27] (org.apache.kafka.coordinator.common.runtime.CoordinatorRuntime)
[2025-10-01 23:01:24,974] INFO [GroupCoordinator id=1] Started unloading metadata for __consumer_offsets-13 with epoch OptionalInt[27]. (org.apache.kafka.coordinator.common.runtime.CoordinatorRuntime)
[2025-10-01 23:01:24,974] INFO [GroupCoordinator id=1] Scheduling unloading of metadata for __consumer_offsets-9 with epoch OptionalInt[27] (org.apache.kafka.coordinator.common.runtime.CoordinatorRuntime)
[2025-10-01 23:01:24,974] INFO [GroupCoordinator id=1] Scheduling unloading of metadata for __consumer_offsets-42 with epoch OptionalInt[27] (org.apache.kafka.coordinator.common.runtime.CoordinatorRuntime)
[2025-10-01 23:01:24,974] INFO [GroupCoordinator id=1] Scheduling unloading of metadata for __consumer_offsets-21 with epoch OptionalInt[27] (org.apache.kafka.coordinator.common.runtime.CoordinatorRuntime)
[2025-10-01 23:01:24,974] INFO [GroupCoordinator id=1] Started unloading metadata for __consumer_offsets-9 with epoch OptionalInt[27]. (org.apache.kafka.coordinator.common.runtime.CoordinatorRuntime)
[2025-10-01 23:01:24,974] INFO [GroupCoordinator id=1] Started unloading metadata for __consumer_offsets-46 with epoch OptionalInt[27]. (org.apache.kafka.coordinator.common.runtime.CoordinatorRuntime)
[2025-10-01 23:01:24,974] INFO [GroupCoordinator id=1] Scheduling unloading of metadata for __consumer_offsets-17 with epoch OptionalInt[27] (org.apache.kafka.coordinator.common.runtime.CoordinatorRuntime)
[2025-10-01 23:01:24,974] INFO [GroupCoordinator id=1] Started unloading metadata for __consumer_offsets-42 with epoch OptionalInt[27]. (org.apache.kafka.coordinator.common.runtime.CoordinatorRuntime)
[2025-10-01 23:01:24,974] INFO [GroupCoordinator id=1] Scheduling unloading of metadata for __consumer_offsets-30 with epoch OptionalInt[27] (org.apache.kafka.coordinator.common.runtime.CoordinatorRuntime)
[2025-10-01 23:01:24,974] INFO [GroupCoordinator id=1] Scheduling unloading of metadata for __consumer_offsets-26 with epoch OptionalInt[27] (org.apache.kafka.coordinator.common.runtime.CoordinatorRuntime)
[2025-10-01 23:01:24,974] INFO [GroupCoordinator id=1] Scheduling unloading of metadata for __consumer_offsets-5 with epoch OptionalInt[27] (org.apache.kafka.coordinator.common.runtime.CoordinatorRuntime)
[2025-10-01 23:01:24,974] INFO [GroupCoordinator id=1] Scheduling unloading of metadata for __consumer_offsets-38 with epoch OptionalInt[27] (org.apache.kafka.coordinator.common.runtime.CoordinatorRuntime)
[2025-10-01 23:01:24,974] INFO [GroupCoordinator id=1] Finished unloading metadata for __consumer_offsets-46 with epoch OptionalInt[27]. (org.apache.kafka.coordinator.common.runtime.CoordinatorRuntime)
[2025-10-01 23:01:24,974] INFO [GroupCoordinator id=1] Scheduling unloading of metadata for __consumer_offsets-1 with epoch OptionalInt[27] (org.apache.kafka.coordinator.common.runtime.CoordinatorRuntime)
[2025-10-01 23:01:24,974] INFO [GroupCoordinator id=1] Started unloading metadata for __consumer_offsets-38 with epoch OptionalInt[27]. (org.apache.kafka.coordinator.common.runtime.CoordinatorRuntime)
[2025-10-01 23:01:24,974] INFO [GroupCoordinator id=1] Scheduling unloading of metadata for __consumer_offsets-34 with epoch OptionalInt[27] (org.apache.kafka.coordinator.common.runtime.CoordinatorRuntime)
[2025-10-01 23:01:24,974] INFO [GroupCoordinator id=1] Scheduling unloading of metadata for __consumer_offsets-16 with epoch OptionalInt[27] (org.apache.kafka.coordinator.common.runtime.CoordinatorRuntime)
[2025-10-01 23:01:24,974] INFO [GroupCoordinator id=1] Finished unloading metadata for __consumer_offsets-9 with epoch OptionalInt[27]. (org.apache.kafka.coordinator.common.runtime.CoordinatorRuntime)
[2025-10-01 23:01:24,974] INFO [GroupCoordinator id=1] Scheduling unloading of metadata for __consumer_offsets-45 with epoch OptionalInt[27] (org.apache.kafka.coordinator.common.runtime.CoordinatorRuntime)
[2025-10-01 23:01:24,974] INFO [GroupCoordinator id=1] Started unloading metadata for __consumer_offsets-34 with epoch OptionalInt[27]. (org.apache.kafka.coordinator.common.runtime.CoordinatorRuntime)
[2025-10-01 23:01:24,974] INFO [GroupCoordinator id=1] Scheduling unloading of metadata for __consumer_offsets-12 with epoch OptionalInt[27] (org.apache.kafka.coordinator.common.runtime.CoordinatorRuntime)
[2025-10-01 23:01:24,974] INFO [GroupCoordinator id=1] Finished unloading metadata for __consumer_offsets-38 with epoch OptionalInt[27]. (org.apache.kafka.coordinator.common.runtime.CoordinatorRuntime)
[2025-10-01 23:01:24,974] INFO [GroupCoordinator id=1] Finished unloading metadata for __consumer_offsets-42 with epoch OptionalInt[27]. (org.apache.kafka.coordinator.common.runtime.CoordinatorRuntime)
[2025-10-01 23:01:24,974] INFO [GroupCoordinator id=1] Finished unloading metadata for __consumer_offsets-13 with epoch OptionalInt[27]. (org.apache.kafka.coordinator.common.runtime.CoordinatorRuntime)
[2025-10-01 23:01:24,974] INFO [GroupCoordinator id=1] Started unloading metadata for __consumer_offsets-12 with epoch OptionalInt[27]. (org.apache.kafka.coordinator.common.runtime.CoordinatorRuntime)
[2025-10-01 23:01:24,974] INFO [GroupCoordinator id=1] Scheduling unloading of metadata for __consumer_offsets-41 with epoch OptionalInt[27] (org.apache.kafka.coordinator.common.runtime.CoordinatorRuntime)
[2025-10-01 23:01:24,974] INFO [GroupCoordinator id=1] Finished unloading metadata for __consumer_offsets-34 with epoch OptionalInt[27]. (org.apache.kafka.coordinator.common.runtime.CoordinatorRuntime)
[2025-10-01 23:01:24,975] INFO [GroupCoordinator id=1] Started unloading metadata for __consumer_offsets-45 with epoch OptionalInt[27]. (org.apache.kafka.coordinator.common.runtime.CoordinatorRuntime)
[2025-10-01 23:01:24,975] INFO [GroupCoordinator id=1] Finished unloading metadata for __consumer_offsets-12 with epoch OptionalInt[27]. (org.apache.kafka.coordinator.common.runtime.CoordinatorRuntime)
[2025-10-01 23:01:24,975] INFO [GroupCoordinator id=1] Started unloading metadata for __consumer_offsets-16 with epoch OptionalInt[27]. (org.apache.kafka.coordinator.common.runtime.CoordinatorRuntime)
[2025-10-01 23:01:24,975] INFO [GroupCoordinator id=1] Scheduling unloading of metadata for __consumer_offsets-24 with epoch OptionalInt[27] (org.apache.kafka.coordinator.common.runtime.CoordinatorRuntime)
[2025-10-01 23:01:24,975] INFO [GroupCoordinator id=1] Started unloading metadata for __consumer_offsets-30 with epoch OptionalInt[27]. (org.apache.kafka.coordinator.common.runtime.CoordinatorRuntime)
[2025-10-01 23:01:24,975] INFO [GroupCoordinator id=1] Finished unloading metadata for __consumer_offsets-16 with epoch OptionalInt[27]. (org.apache.kafka.coordinator.common.runtime.CoordinatorRuntime)
[2025-10-01 23:01:24,975] INFO [GroupCoordinator id=1] Scheduling unloading of metadata for __consumer_offsets-20 with epoch OptionalInt[27] (org.apache.kafka.coordinator.common.runtime.CoordinatorRuntime)
[2025-10-01 23:01:24,975] INFO [GroupCoordinator id=1] Started unloading metadata for __consumer_offsets-1 with epoch OptionalInt[27]. (org.apache.kafka.coordinator.common.runtime.CoordinatorRuntime)
[2025-10-01 23:01:24,975] INFO [GroupCoordinator id=1] Finished unloading metadata for __consumer_offsets-45 with epoch OptionalInt[27]. (org.apache.kafka.coordinator.common.runtime.CoordinatorRuntime)
[2025-10-01 23:01:24,975] INFO [GroupCoordinator id=1] Finished unloading metadata for __consumer_offsets-1 with epoch OptionalInt[27]. (org.apache.kafka.coordinator.common.runtime.CoordinatorRuntime)
[2025-10-01 23:01:24,975] INFO [GroupCoordinator id=1] Started unloading metadata for __consumer_offsets-17 with epoch OptionalInt[27]. (org.apache.kafka.coordinator.common.runtime.CoordinatorRuntime)
[2025-10-01 23:01:24,975] INFO [GroupCoordinator id=1] Started unloading metadata for __consumer_offsets-41 with epoch OptionalInt[27]. (org.apache.kafka.coordinator.common.runtime.CoordinatorRuntime)
[2025-10-01 23:01:24,975] INFO [GroupCoordinator id=1] Scheduling unloading of metadata for __consumer_offsets-49 with epoch OptionalInt[27] (org.apache.kafka.coordinator.common.runtime.CoordinatorRuntime)
[2025-10-01 23:01:24,975] INFO [GroupCoordinator id=1] Finished unloading metadata for __consumer_offsets-41 with epoch OptionalInt[27]. (org.apache.kafka.coordinator.common.runtime.CoordinatorRuntime)
[2025-10-01 23:01:24,975] INFO [GroupCoordinator id=1] Finished unloading metadata for __consumer_offsets-17 with epoch OptionalInt[27]. (org.apache.kafka.coordinator.common.runtime.CoordinatorRuntime)
[2025-10-01 23:01:24,975] INFO [GroupCoordinator id=1] Started unloading metadata for __consumer_offsets-5 with epoch OptionalInt[27]. (org.apache.kafka.coordinator.common.runtime.CoordinatorRuntime)
[2025-10-01 23:01:24,975] INFO [GroupCoordinator id=1] Finished unloading metadata for __consumer_offsets-30 with epoch OptionalInt[27]. (org.apache.kafka.coordinator.common.runtime.CoordinatorRuntime)
[2025-10-01 23:01:24,975] INFO [GroupCoordinator id=1] Started unloading metadata for __consumer_offsets-24 with epoch OptionalInt[27]. (org.apache.kafka.coordinator.common.runtime.CoordinatorRuntime)
[2025-10-01 23:01:24,975] INFO [GroupCoordinator id=1] Scheduling unloading of metadata for __consumer_offsets-0 with epoch OptionalInt[27] (org.apache.kafka.coordinator.common.runtime.CoordinatorRuntime)
[2025-10-01 23:01:24,975] INFO [GroupCoordinator id=1] Started unloading metadata for __consumer_offsets-20 with epoch OptionalInt[27]. (org.apache.kafka.coordinator.common.runtime.CoordinatorRuntime)
[2025-10-01 23:01:24,975] INFO [GroupCoordinator id=1] Finished unloading metadata for __consumer_offsets-5 with epoch OptionalInt[27]. (org.apache.kafka.coordinator.common.runtime.CoordinatorRuntime)
[2025-10-01 23:01:24,975] INFO [GroupCoordinator id=1] Scheduling unloading of metadata for __consumer_offsets-29 with epoch OptionalInt[27] (org.apache.kafka.coordinator.common.runtime.CoordinatorRuntime)
[2025-10-01 23:01:24,975] INFO [GroupCoordinator id=1] Started unloading metadata for __consumer_offsets-26 with epoch OptionalInt[27]. (org.apache.kafka.coordinator.common.runtime.CoordinatorRuntime)
[2025-10-01 23:01:24,975] INFO [GroupCoordinator id=1] Finished unloading metadata for __consumer_offsets-20 with epoch OptionalInt[27]. (org.apache.kafka.coordinator.common.runtime.CoordinatorRuntime)
[2025-10-01 23:01:24,975] INFO [GroupCoordinator id=1] Started unloading metadata for __consumer_offsets-49 with epoch OptionalInt[27]. (org.apache.kafka.coordinator.common.runtime.CoordinatorRuntime)
[2025-10-01 23:01:24,975] INFO [GroupCoordinator id=1] Started unloading metadata for __consumer_offsets-0 with epoch OptionalInt[27]. (org.apache.kafka.coordinator.common.runtime.CoordinatorRuntime)
[2025-10-01 23:01:24,975] INFO [GroupCoordinator id=1] Finished unloading metadata for __consumer_offsets-24 with epoch OptionalInt[27]. (org.apache.kafka.coordinator.common.runtime.CoordinatorRuntime)
[2025-10-01 23:01:24,975] INFO [GroupCoordinator id=1] Finished unloading metadata for __consumer_offsets-26 with epoch OptionalInt[27]. (org.apache.kafka.coordinator.common.runtime.CoordinatorRuntime)
[2025-10-01 23:01:24,975] INFO [GroupCoordinator id=1] Started unloading metadata for __consumer_offsets-21 with epoch OptionalInt[27]. (org.apache.kafka.coordinator.common.runtime.CoordinatorRuntime)
[2025-10-01 23:01:24,975] INFO [GroupCoordinator id=1] Finished unloading metadata for __consumer_offsets-0 with epoch OptionalInt[27]. (org.apache.kafka.coordinator.common.runtime.CoordinatorRuntime)
[2025-10-01 23:01:24,975] INFO [GroupCoordinator id=1] Finished unloading metadata for __consumer_offsets-49 with epoch OptionalInt[27]. (org.apache.kafka.coordinator.common.runtime.CoordinatorRuntime)
[2025-10-01 23:01:24,975] INFO [GroupCoordinator id=1] Finished unloading metadata for __consumer_offsets-21 with epoch OptionalInt[27]. (org.apache.kafka.coordinator.common.runtime.CoordinatorRuntime)
[2025-10-01 23:01:24,975] INFO [GroupCoordinator id=1] Scheduling unloading of metadata for __consumer_offsets-25 with epoch OptionalInt[27] (org.apache.kafka.coordinator.common.runtime.CoordinatorRuntime)
[2025-10-01 23:01:24,975] INFO [GroupCoordinator id=1] Started unloading metadata for __consumer_offsets-29 with epoch OptionalInt[27]. (org.apache.kafka.coordinator.common.runtime.CoordinatorRuntime)
[2025-10-01 23:01:24,975] INFO [GroupCoordinator id=1] Scheduling unloading of metadata for __consumer_offsets-8 with epoch OptionalInt[27] (org.apache.kafka.coordinator.common.runtime.CoordinatorRuntime)
[2025-10-01 23:01:24,975] INFO [GroupCoordinator id=1] Started unloading metadata for __consumer_offsets-25 with epoch OptionalInt[27]. (org.apache.kafka.coordinator.common.runtime.CoordinatorRuntime)
[2025-10-01 23:01:24,975] INFO [GroupCoordinator id=1] Scheduling unloading of metadata for __consumer_offsets-37 with epoch OptionalInt[27] (org.apache.kafka.coordinator.common.runtime.CoordinatorRuntime)
[2025-10-01 23:01:24,975] INFO [GroupCoordinator id=1 topic=__consumer_offsets partition=29] [GroupId=frontend-txn] Unloading group metadata for generation 23. (org.apache.kafka.coordinator.group.GroupMetadataManager)
[2025-10-01 23:01:24,975] INFO [GroupCoordinator id=1] Scheduling unloading of metadata for __consumer_offsets-4 with epoch OptionalInt[27] (org.apache.kafka.coordinator.common.runtime.CoordinatorRuntime)
[2025-10-01 23:01:24,975] INFO [GroupCoordinator id=1] Scheduling unloading of metadata for __consumer_offsets-33 with epoch OptionalInt[27] (org.apache.kafka.coordinator.common.runtime.CoordinatorRuntime)
[2025-10-01 23:01:24,975] INFO [GroupCoordinator id=1] Started unloading metadata for __consumer_offsets-4 with epoch OptionalInt[27]. (org.apache.kafka.coordinator.common.runtime.CoordinatorRuntime)
[2025-10-01 23:01:24,975] INFO [GroupCoordinator id=1] Finished unloading metadata for __consumer_offsets-25 with epoch OptionalInt[27]. (org.apache.kafka.coordinator.common.runtime.CoordinatorRuntime)
[2025-10-01 23:01:24,975] INFO [GroupCoordinator id=1] Scheduling unloading of metadata for __consumer_offsets-15 with epoch OptionalInt[27] (org.apache.kafka.coordinator.common.runtime.CoordinatorRuntime)
[2025-10-01 23:01:24,975] INFO [GroupCoordinator id=1 topic=__consumer_offsets partition=4] [GroupId=frontend-txn-raw] Unloading group metadata for generation 22. (org.apache.kafka.coordinator.group.GroupMetadataManager)
[2025-10-01 23:01:24,975] INFO [GroupCoordinator id=1] Started unloading metadata for __consumer_offsets-8 with epoch OptionalInt[27]. (org.apache.kafka.coordinator.common.runtime.CoordinatorRuntime)
[2025-10-01 23:01:24,975] INFO [GroupCoordinator id=1] Scheduling unloading of metadata for __consumer_offsets-48 with epoch OptionalInt[27] (org.apache.kafka.coordinator.common.runtime.CoordinatorRuntime)
[2025-10-01 23:01:24,975] INFO [GroupCoordinator id=1] Finished unloading metadata for __consumer_offsets-29 with epoch OptionalInt[27]. (org.apache.kafka.coordinator.common.runtime.CoordinatorRuntime)
[2025-10-01 23:01:24,975] INFO [GroupCoordinator id=1] Scheduling unloading of metadata for __consumer_offsets-11 with epoch OptionalInt[27] (org.apache.kafka.coordinator.common.runtime.CoordinatorRuntime)
[2025-10-01 23:01:24,975] INFO [GroupCoordinator id=1] Finished unloading metadata for __consumer_offsets-8 with epoch OptionalInt[27]. (org.apache.kafka.coordinator.common.runtime.CoordinatorRuntime)
[2025-10-01 23:01:24,976] INFO [GroupCoordinator id=1] Scheduling unloading of metadata for __consumer_offsets-44 with epoch OptionalInt[27] (org.apache.kafka.coordinator.common.runtime.CoordinatorRuntime)
[2025-10-01 23:01:24,976] INFO [GroupCoordinator id=1] Started unloading metadata for __consumer_offsets-33 with epoch OptionalInt[27]. (org.apache.kafka.coordinator.common.runtime.CoordinatorRuntime)
[2025-10-01 23:01:24,976] INFO [GroupCoordinator id=1] Finished unloading metadata for __consumer_offsets-33 with epoch OptionalInt[27]. (org.apache.kafka.coordinator.common.runtime.CoordinatorRuntime)
[2025-10-01 23:01:24,976] INFO [GroupCoordinator id=1] Scheduling unloading of metadata for __consumer_offsets-23 with epoch OptionalInt[27] (org.apache.kafka.coordinator.common.runtime.CoordinatorRuntime)
[2025-10-01 23:01:24,975] INFO [GroupCoordinator id=1] Finished unloading metadata for __consumer_offsets-4 with epoch OptionalInt[27]. (org.apache.kafka.coordinator.common.runtime.CoordinatorRuntime)
[2025-10-01 23:01:24,975] INFO [GroupCoordinator id=1] Started unloading metadata for __consumer_offsets-48 with epoch OptionalInt[27]. (org.apache.kafka.coordinator.common.runtime.CoordinatorRuntime)
[2025-10-01 23:01:24,976] INFO [GroupCoordinator id=1] Started unloading metadata for __consumer_offsets-44 with epoch OptionalInt[27]. (org.apache.kafka.coordinator.common.runtime.CoordinatorRuntime)
[2025-10-01 23:01:24,976] INFO [GroupCoordinator id=1] Scheduling unloading of metadata for __consumer_offsets-19 with epoch OptionalInt[27] (org.apache.kafka.coordinator.common.runtime.CoordinatorRuntime)
[2025-10-01 23:01:24,975] INFO [GroupCoordinator id=1] Started unloading metadata for __consumer_offsets-37 with epoch OptionalInt[27]. (org.apache.kafka.coordinator.common.runtime.CoordinatorRuntime)
[2025-10-01 23:01:24,976] INFO [GroupCoordinator id=1] Started unloading metadata for __consumer_offsets-11 with epoch OptionalInt[27]. (org.apache.kafka.coordinator.common.runtime.CoordinatorRuntime)
[2025-10-01 23:01:24,976] INFO [GroupCoordinator id=1 topic=__consumer_offsets partition=11] [GroupId=frontend-beh-raw] Unloading group metadata for generation 24. (org.apache.kafka.coordinator.group.GroupMetadataManager)
[2025-10-01 23:01:24,976] INFO [GroupCoordinator id=1] Finished unloading metadata for __consumer_offsets-37 with epoch OptionalInt[27]. (org.apache.kafka.coordinator.common.runtime.CoordinatorRuntime)
[2025-10-01 23:01:24,976] INFO [GroupCoordinator id=1] Finished unloading metadata for __consumer_offsets-44 with epoch OptionalInt[27]. (org.apache.kafka.coordinator.common.runtime.CoordinatorRuntime)
[2025-10-01 23:01:24,976] INFO [GroupCoordinator id=1] Started unloading metadata for __consumer_offsets-15 with epoch OptionalInt[27]. (org.apache.kafka.coordinator.common.runtime.CoordinatorRuntime)
[2025-10-01 23:01:24,976] INFO [GroupCoordinator id=1] Finished unloading metadata for __consumer_offsets-15 with epoch OptionalInt[27]. (org.apache.kafka.coordinator.common.runtime.CoordinatorRuntime)
[2025-10-01 23:01:24,976] INFO [GroupCoordinator id=1] Started unloading metadata for __consumer_offsets-23 with epoch OptionalInt[27]. (org.apache.kafka.coordinator.common.runtime.CoordinatorRuntime)
[2025-10-01 23:01:24,976] INFO [GroupCoordinator id=1] Finished unloading metadata for __consumer_offsets-23 with epoch OptionalInt[27]. (org.apache.kafka.coordinator.common.runtime.CoordinatorRuntime)
[2025-10-01 23:01:24,976] INFO [GroupCoordinator id=1] Started unloading metadata for __consumer_offsets-19 with epoch OptionalInt[27]. (org.apache.kafka.coordinator.common.runtime.CoordinatorRuntime)
[2025-10-01 23:01:24,976] INFO [GroupCoordinator id=1] Finished unloading metadata for __consumer_offsets-48 with epoch OptionalInt[27]. (org.apache.kafka.coordinator.common.runtime.CoordinatorRuntime)
[2025-10-01 23:01:24,976] INFO [GroupCoordinator id=1] Finished unloading metadata for __consumer_offsets-11 with epoch OptionalInt[27]. (org.apache.kafka.coordinator.common.runtime.CoordinatorRuntime)
[2025-10-01 23:01:24,976] INFO [GroupCoordinator id=1] Scheduling unloading of metadata for __consumer_offsets-32 with epoch OptionalInt[27] (org.apache.kafka.coordinator.common.runtime.CoordinatorRuntime)
[2025-10-01 23:01:24,976] INFO [GroupCoordinator id=1] Finished unloading metadata for __consumer_offsets-19 with epoch OptionalInt[27]. (org.apache.kafka.coordinator.common.runtime.CoordinatorRuntime)
[2025-10-01 23:01:24,976] INFO [GroupCoordinator id=1] Started unloading metadata for __consumer_offsets-32 with epoch OptionalInt[27]. (org.apache.kafka.coordinator.common.runtime.CoordinatorRuntime)
[2025-10-01 23:01:24,976] INFO [GroupCoordinator id=1] Scheduling unloading of metadata for __consumer_offsets-28 with epoch OptionalInt[27] (org.apache.kafka.coordinator.common.runtime.CoordinatorRuntime)
[2025-10-01 23:01:24,976] INFO [GroupCoordinator id=1 topic=__consumer_offsets partition=32] [GroupId=txn-model] Unloading group metadata for generation 19. (org.apache.kafka.coordinator.group.GroupMetadataManager)
[2025-10-01 23:01:24,976] INFO [GroupCoordinator id=1] Started unloading metadata for __consumer_offsets-28 with epoch OptionalInt[27]. (org.apache.kafka.coordinator.common.runtime.CoordinatorRuntime)
[2025-10-01 23:01:24,976] INFO [GroupCoordinator id=1] Scheduling unloading of metadata for __consumer_offsets-7 with epoch OptionalInt[27] (org.apache.kafka.coordinator.common.runtime.CoordinatorRuntime)
[2025-10-01 23:01:24,976] INFO [GroupCoordinator id=1] Finished unloading metadata for __consumer_offsets-32 with epoch OptionalInt[27]. (org.apache.kafka.coordinator.common.runtime.CoordinatorRuntime)
[2025-10-01 23:01:24,976] INFO [GroupCoordinator id=1] Finished unloading metadata for __consumer_offsets-28 with epoch OptionalInt[27]. (org.apache.kafka.coordinator.common.runtime.CoordinatorRuntime)
[2025-10-01 23:01:24,976] INFO [GroupCoordinator id=1] Scheduling unloading of metadata for __consumer_offsets-40 with epoch OptionalInt[27] (org.apache.kafka.coordinator.common.runtime.CoordinatorRuntime)
[2025-10-01 23:01:24,976] INFO [GroupCoordinator id=1] Scheduling unloading of metadata for __consumer_offsets-3 with epoch OptionalInt[27] (org.apache.kafka.coordinator.common.runtime.CoordinatorRuntime)
[2025-10-01 23:01:24,976] INFO [GroupCoordinator id=1] Started unloading metadata for __consumer_offsets-7 with epoch OptionalInt[27]. (org.apache.kafka.coordinator.common.runtime.CoordinatorRuntime)
[2025-10-01 23:01:24,976] INFO [GroupCoordinator id=1] Scheduling unloading of metadata for __consumer_offsets-36 with epoch OptionalInt[27] (org.apache.kafka.coordinator.common.runtime.CoordinatorRuntime)
[2025-10-01 23:01:24,976] INFO [GroupCoordinator id=1] Finished unloading metadata for __consumer_offsets-7 with epoch OptionalInt[27]. (org.apache.kafka.coordinator.common.runtime.CoordinatorRuntime)
[2025-10-01 23:01:24,976] INFO [GroupCoordinator id=1] Started unloading metadata for __consumer_offsets-3 with epoch OptionalInt[27]. (org.apache.kafka.coordinator.common.runtime.CoordinatorRuntime)
[2025-10-01 23:01:24,976] INFO [GroupCoordinator id=1] Started unloading metadata for __consumer_offsets-40 with epoch OptionalInt[27]. (org.apache.kafka.coordinator.common.runtime.CoordinatorRuntime)
[2025-10-01 23:01:24,976] INFO [GroupCoordinator id=1] Started unloading metadata for __consumer_offsets-36 with epoch OptionalInt[27]. (org.apache.kafka.coordinator.common.runtime.CoordinatorRuntime)
[2025-10-01 23:01:24,976] INFO [GroupCoordinator id=1] Scheduling unloading of metadata for __consumer_offsets-47 with epoch OptionalInt[27] (org.apache.kafka.coordinator.common.runtime.CoordinatorRuntime)
[2025-10-01 23:01:24,976] INFO [GroupCoordinator id=1] Finished unloading metadata for __consumer_offsets-40 with epoch OptionalInt[27]. (org.apache.kafka.coordinator.common.runtime.CoordinatorRuntime)
[2025-10-01 23:01:24,976] INFO [GroupCoordinator id=1 topic=__consumer_offsets partition=3] [GroupId=beh-model] Unloading group metadata for generation 16. (org.apache.kafka.coordinator.group.GroupMetadataManager)
[2025-10-01 23:01:24,976] INFO [GroupCoordinator id=1] Scheduling unloading of metadata for __consumer_offsets-14 with epoch OptionalInt[27] (org.apache.kafka.coordinator.common.runtime.CoordinatorRuntime)
[2025-10-01 23:01:24,976] INFO [GroupCoordinator id=1] Finished unloading metadata for __consumer_offsets-3 with epoch OptionalInt[27]. (org.apache.kafka.coordinator.common.runtime.CoordinatorRuntime)
[2025-10-01 23:01:24,976] INFO [GroupCoordinator id=1] Scheduling unloading of metadata for __consumer_offsets-43 with epoch OptionalInt[27] (org.apache.kafka.coordinator.common.runtime.CoordinatorRuntime)
[2025-10-01 23:01:24,976] INFO [GroupCoordinator id=1] Started unloading metadata for __consumer_offsets-47 with epoch OptionalInt[27]. (org.apache.kafka.coordinator.common.runtime.CoordinatorRuntime)
[2025-10-01 23:01:24,976] INFO [GroupCoordinator id=1] Finished unloading metadata for __consumer_offsets-36 with epoch OptionalInt[27]. (org.apache.kafka.coordinator.common.runtime.CoordinatorRuntime)
[2025-10-01 23:01:24,977] INFO [GroupCoordinator id=1] Scheduling unloading of metadata for __consumer_offsets-10 with epoch OptionalInt[27] (org.apache.kafka.coordinator.common.runtime.CoordinatorRuntime)
[2025-10-01 23:01:24,977] INFO [GroupCoordinator id=1] Started unloading metadata for __consumer_offsets-14 with epoch OptionalInt[27]. (org.apache.kafka.coordinator.common.runtime.CoordinatorRuntime)
[2025-10-01 23:01:24,977] INFO [GroupCoordinator id=1] Started unloading metadata for __consumer_offsets-10 with epoch OptionalInt[27]. (org.apache.kafka.coordinator.common.runtime.CoordinatorRuntime)
[2025-10-01 23:01:24,977] INFO [GroupCoordinator id=1] Started unloading metadata for __consumer_offsets-43 with epoch OptionalInt[27]. (org.apache.kafka.coordinator.common.runtime.CoordinatorRuntime)
[2025-10-01 23:01:24,977] INFO [GroupCoordinator id=1] Finished unloading metadata for __consumer_offsets-10 with epoch OptionalInt[27]. (org.apache.kafka.coordinator.common.runtime.CoordinatorRuntime)
[2025-10-01 23:01:24,977] INFO [GroupCoordinator id=1] Finished unloading metadata for __consumer_offsets-47 with epoch OptionalInt[27]. (org.apache.kafka.coordinator.common.runtime.CoordinatorRuntime)
[2025-10-01 23:01:24,977] INFO [GroupCoordinator id=1] Finished unloading metadata for __consumer_offsets-14 with epoch OptionalInt[27]. (org.apache.kafka.coordinator.common.runtime.CoordinatorRuntime)
[2025-10-01 23:01:24,977] INFO [GroupCoordinator id=1] Scheduling unloading of metadata for __consumer_offsets-22 with epoch OptionalInt[27] (org.apache.kafka.coordinator.common.runtime.CoordinatorRuntime)
[2025-10-01 23:01:24,977] INFO [GroupCoordinator id=1] Finished unloading metadata for __consumer_offsets-43 with epoch OptionalInt[27]. (org.apache.kafka.coordinator.common.runtime.CoordinatorRuntime)
[2025-10-01 23:01:24,977] INFO [GroupCoordinator id=1] Scheduling unloading of metadata for __consumer_offsets-18 with epoch OptionalInt[27] (org.apache.kafka.coordinator.common.runtime.CoordinatorRuntime)
[2025-10-01 23:01:24,977] INFO [GroupCoordinator id=1] Started unloading metadata for __consumer_offsets-22 with epoch OptionalInt[27]. (org.apache.kafka.coordinator.common.runtime.CoordinatorRuntime)
[2025-10-01 23:01:24,977] INFO [GroupCoordinator id=1] Scheduling unloading of metadata for __consumer_offsets-31 with epoch OptionalInt[27] (org.apache.kafka.coordinator.common.runtime.CoordinatorRuntime)
[2025-10-01 23:01:24,977] INFO [GroupCoordinator id=1 topic=__consumer_offsets partition=22] [GroupId=frontend-beh] Unloading group metadata for generation 21. (org.apache.kafka.coordinator.group.GroupMetadataManager)
[2025-10-01 23:01:24,977] INFO [GroupCoordinator id=1] Scheduling unloading of metadata for __consumer_offsets-27 with epoch OptionalInt[27] (org.apache.kafka.coordinator.common.runtime.CoordinatorRuntime)
[2025-10-01 23:01:24,977] INFO [GroupCoordinator id=1] Started unloading metadata for __consumer_offsets-18 with epoch OptionalInt[27]. (org.apache.kafka.coordinator.common.runtime.CoordinatorRuntime)
[2025-10-01 23:01:24,977] INFO [GroupCoordinator id=1] Started unloading metadata for __consumer_offsets-31 with epoch OptionalInt[27]. (org.apache.kafka.coordinator.common.runtime.CoordinatorRuntime)
[2025-10-01 23:01:24,977] INFO [GroupCoordinator id=1] Started unloading metadata for __consumer_offsets-27 with epoch OptionalInt[27]. (org.apache.kafka.coordinator.common.runtime.CoordinatorRuntime)
[2025-10-01 23:01:24,977] INFO [GroupCoordinator id=1] Finished unloading metadata for __consumer_offsets-27 with epoch OptionalInt[27]. (org.apache.kafka.coordinator.common.runtime.CoordinatorRuntime)
[2025-10-01 23:01:24,977] INFO [GroupCoordinator id=1] Finished unloading metadata for __consumer_offsets-31 with epoch OptionalInt[27]. (org.apache.kafka.coordinator.common.runtime.CoordinatorRuntime)
[2025-10-01 23:01:24,977] INFO [GroupCoordinator id=1] Scheduling unloading of metadata for __consumer_offsets-39 with epoch OptionalInt[27] (org.apache.kafka.coordinator.common.runtime.CoordinatorRuntime)
[2025-10-01 23:01:24,977] INFO [GroupCoordinator id=1] Finished unloading metadata for __consumer_offsets-22 with epoch OptionalInt[27]. (org.apache.kafka.coordinator.common.runtime.CoordinatorRuntime)
[2025-10-01 23:01:24,977] INFO [GroupCoordinator id=1] Started unloading metadata for __consumer_offsets-39 with epoch OptionalInt[27]. (org.apache.kafka.coordinator.common.runtime.CoordinatorRuntime)
[2025-10-01 23:01:24,977] INFO [GroupCoordinator id=1] Finished unloading metadata for __consumer_offsets-18 with epoch OptionalInt[27]. (org.apache.kafka.coordinator.common.runtime.CoordinatorRuntime)
[2025-10-01 23:01:24,977] INFO [GroupCoordinator id=1] Finished unloading metadata for __consumer_offsets-39 with epoch OptionalInt[27]. (org.apache.kafka.coordinator.common.runtime.CoordinatorRuntime)
[2025-10-01 23:01:24,977] INFO [GroupCoordinator id=1] Scheduling unloading of metadata for __consumer_offsets-6 with epoch OptionalInt[27] (org.apache.kafka.coordinator.common.runtime.CoordinatorRuntime)
[2025-10-01 23:01:24,977] INFO [GroupCoordinator id=1] Scheduling unloading of metadata for __consumer_offsets-35 with epoch OptionalInt[27] (org.apache.kafka.coordinator.common.runtime.CoordinatorRuntime)
[2025-10-01 23:01:24,977] INFO [GroupCoordinator id=1] Started unloading metadata for __consumer_offsets-6 with epoch OptionalInt[27]. (org.apache.kafka.coordinator.common.runtime.CoordinatorRuntime)
[2025-10-01 23:01:24,977] INFO [GroupCoordinator id=1] Scheduling unloading of metadata for __consumer_offsets-2 with epoch OptionalInt[27] (org.apache.kafka.coordinator.common.runtime.CoordinatorRuntime)
[2025-10-01 23:01:24,977] INFO [GroupCoordinator id=1] Started unloading metadata for __consumer_offsets-35 with epoch OptionalInt[27]. (org.apache.kafka.coordinator.common.runtime.CoordinatorRuntime)
[2025-10-01 23:01:24,977] INFO [GroupCoordinator id=1] Finished unloading metadata for __consumer_offsets-6 with epoch OptionalInt[27]. (org.apache.kafka.coordinator.common.runtime.CoordinatorRuntime)
[2025-10-01 23:01:24,977] INFO [GroupCoordinator id=1] Finished unloading metadata for __consumer_offsets-35 with epoch OptionalInt[27]. (org.apache.kafka.coordinator.common.runtime.CoordinatorRuntime)
[2025-10-01 23:01:24,977] INFO [GroupCoordinator id=1] Started unloading metadata for __consumer_offsets-2 with epoch OptionalInt[27]. (org.apache.kafka.coordinator.common.runtime.CoordinatorRuntime)
[2025-10-01 23:01:24,977] INFO [GroupCoordinator id=1] Finished unloading metadata for __consumer_offsets-2 with epoch OptionalInt[27]. (org.apache.kafka.coordinator.common.runtime.CoordinatorRuntime)
[2025-10-01 23:01:25,039] INFO [BrokerLifecycleManager id=1] The controller has asked us to exit controlled shutdown. (kafka.server.BrokerLifecycleManager)
[2025-10-01 23:01:25,039] INFO [BrokerLifecycleManager id=1] beginShutdown: shutting down event queue. (org.apache.kafka.queue.KafkaEventQueue)
[2025-10-01 23:01:25,040] INFO [BrokerLifecycleManager id=1] Transitioning from PENDING_CONTROLLED_SHUTDOWN to SHUTTING_DOWN. (kafka.server.BrokerLifecycleManager)
[2025-10-01 23:01:25,040] INFO [broker-1-to-controller-heartbeat-channel-manager]: Shutting down (kafka.server.NodeToControllerRequestThread)
[2025-10-01 23:01:25,040] INFO [broker-1-to-controller-heartbeat-channel-manager]: Stopped (kafka.server.NodeToControllerRequestThread)
[2025-10-01 23:01:25,040] INFO [SocketServer listenerType=BROKER, nodeId=1] Stopping socket server request processors (kafka.network.SocketServer)
[2025-10-01 23:01:25,040] INFO [broker-1-to-controller-heartbeat-channel-manager]: Shutdown completed (kafka.server.NodeToControllerRequestThread)
[2025-10-01 23:01:25,049] INFO Node to controller channel manager for heartbeat shutdown (kafka.server.NodeToControllerChannelManagerImpl)
[2025-10-01 23:01:25,050] INFO [SocketServer listenerType=BROKER, nodeId=1] Stopped socket server request processors (kafka.network.SocketServer)
[2025-10-01 23:01:25,050] INFO [data-plane Kafka Request Handler on Broker 1] shutting down (kafka.server.KafkaRequestHandlerPool)
[2025-10-01 23:01:25,051] INFO [data-plane Kafka Request Handler on Broker 1] shut down completely (kafka.server.KafkaRequestHandlerPool)
[2025-10-01 23:01:25,051] INFO [ExpirationReaper-1-AlterAcls]: Shutting down (org.apache.kafka.server.purgatory.DelayedOperationPurgatory$ExpiredOperationReaper)
[2025-10-01 23:01:25,052] INFO [ExpirationReaper-1-AlterAcls]: Stopped (org.apache.kafka.server.purgatory.DelayedOperationPurgatory$ExpiredOperationReaper)
[2025-10-01 23:01:25,052] INFO [ExpirationReaper-1-AlterAcls]: Shutdown completed (org.apache.kafka.server.purgatory.DelayedOperationPurgatory$ExpiredOperationReaper)
[2025-10-01 23:01:25,052] INFO [KafkaApi-1] Shutdown complete. (kafka.server.KafkaApis)
[2025-10-01 23:01:25,054] INFO [TransactionCoordinator id=1] Shutting down. (kafka.coordinator.transaction.TransactionCoordinator)
[2025-10-01 23:01:25,054] INFO [Transaction State Manager 1]: Shutdown complete (kafka.coordinator.transaction.TransactionStateManager)
[2025-10-01 23:01:25,054] INFO [TxnMarkerSenderThread-1]: Shutting down (kafka.coordinator.transaction.TransactionMarkerChannelManager)
[2025-10-01 23:01:25,054] INFO [TxnMarkerSenderThread-1]: Stopped (kafka.coordinator.transaction.TransactionMarkerChannelManager)
[2025-10-01 23:01:25,054] INFO [TxnMarkerSenderThread-1]: Shutdown completed (kafka.coordinator.transaction.TransactionMarkerChannelManager)
[2025-10-01 23:01:25,056] INFO [TransactionCoordinator id=1] Shutdown complete. (kafka.coordinator.transaction.TransactionCoordinator)
[2025-10-01 23:01:25,056] INFO [GroupCoordinator id=1] Shutting down. (org.apache.kafka.coordinator.group.GroupCoordinatorService)
[2025-10-01 23:01:25,056] INFO [GroupCoordinator id=1] Closing coordinator runtime. (org.apache.kafka.coordinator.common.runtime.CoordinatorRuntime)
[2025-10-01 23:01:25,056] INFO [group-coordinator-reaper]: Shutting down (org.apache.kafka.server.util.timer.SystemTimerReaper$Reaper)
[2025-10-01 23:01:25,056] INFO [group-coordinator-reaper]: Stopped (org.apache.kafka.server.util.timer.SystemTimerReaper$Reaper)
[2025-10-01 23:01:25,056] INFO [group-coordinator-reaper]: Shutdown completed (org.apache.kafka.server.util.timer.SystemTimerReaper$Reaper)
[2025-10-01 23:01:25,056] INFO [GroupCoordinator id=1] Shutting down event processor. (org.apache.kafka.coordinator.common.runtime.MultiThreadedEventProcessor)
[2025-10-01 23:01:25,057] INFO [group-coordinator-event-processor-0]: Shutting down. Draining the remaining events. (org.apache.kafka.coordinator.common.runtime.MultiThreadedEventProcessor$EventProcessorThread)
[2025-10-01 23:01:25,057] INFO [group-coordinator-event-processor-3]: Shutting down. Draining the remaining events. (org.apache.kafka.coordinator.common.runtime.MultiThreadedEventProcessor$EventProcessorThread)
[2025-10-01 23:01:25,057] INFO [group-coordinator-event-processor-2]: Shutting down. Draining the remaining events. (org.apache.kafka.coordinator.common.runtime.MultiThreadedEventProcessor$EventProcessorThread)
[2025-10-01 23:01:25,057] INFO [group-coordinator-event-processor-2]: Shutdown completed (org.apache.kafka.coordinator.common.runtime.MultiThreadedEventProcessor$EventProcessorThread)
[2025-10-01 23:01:25,057] INFO [group-coordinator-event-processor-1]: Shutting down. Draining the remaining events. (org.apache.kafka.coordinator.common.runtime.MultiThreadedEventProcessor$EventProcessorThread)
[2025-10-01 23:01:25,057] INFO [group-coordinator-event-processor-0]: Shutdown completed (org.apache.kafka.coordinator.common.runtime.MultiThreadedEventProcessor$EventProcessorThread)
[2025-10-01 23:01:25,057] INFO [group-coordinator-event-processor-3]: Shutdown completed (org.apache.kafka.coordinator.common.runtime.MultiThreadedEventProcessor$EventProcessorThread)
[2025-10-01 23:01:25,057] INFO [group-coordinator-event-processor-1]: Shutdown completed (org.apache.kafka.coordinator.common.runtime.MultiThreadedEventProcessor$EventProcessorThread)
[2025-10-01 23:01:25,057] INFO [GroupCoordinator id=1] Event processor closed. (org.apache.kafka.coordinator.common.runtime.MultiThreadedEventProcessor)
[2025-10-01 23:01:25,058] INFO [GroupCoordinator id=1] Coordinator runtime closed. (org.apache.kafka.coordinator.common.runtime.CoordinatorRuntime)
[2025-10-01 23:01:25,058] INFO [GroupCoordinator id=1] Shutdown complete. (org.apache.kafka.coordinator.group.GroupCoordinatorService)
[2025-10-01 23:01:25,058] INFO [ShareCoordinator id=1] Shutting down. (org.apache.kafka.coordinator.share.ShareCoordinatorService)
[2025-10-01 23:01:25,058] INFO [ShareCoordinator id=1] Closing coordinator runtime. (org.apache.kafka.coordinator.common.runtime.CoordinatorRuntime)
[2025-10-01 23:01:25,058] INFO [share-coordinator-reaper]: Shutting down (org.apache.kafka.server.util.timer.SystemTimerReaper$Reaper)
[2025-10-01 23:01:25,059] INFO [share-coordinator-reaper]: Stopped (org.apache.kafka.server.util.timer.SystemTimerReaper$Reaper)
[2025-10-01 23:01:25,059] INFO [share-coordinator-reaper]: Shutdown completed (org.apache.kafka.server.util.timer.SystemTimerReaper$Reaper)
[2025-10-01 23:01:25,059] INFO [ShareCoordinator id=1] Shutting down event processor. (org.apache.kafka.coordinator.common.runtime.MultiThreadedEventProcessor)
[2025-10-01 23:01:25,059] INFO [share-coordinator-event-processor-0]: Shutting down. Draining the remaining events. (org.apache.kafka.coordinator.common.runtime.MultiThreadedEventProcessor$EventProcessorThread)
[2025-10-01 23:01:25,059] INFO [share-coordinator-event-processor-0]: Shutdown completed (org.apache.kafka.coordinator.common.runtime.MultiThreadedEventProcessor$EventProcessorThread)
[2025-10-01 23:01:25,059] INFO [ShareCoordinator id=1] Event processor closed. (org.apache.kafka.coordinator.common.runtime.MultiThreadedEventProcessor)
[2025-10-01 23:01:25,059] INFO [ShareCoordinator id=1] Coordinator runtime closed. (org.apache.kafka.coordinator.common.runtime.CoordinatorRuntime)
[2025-10-01 23:01:25,060] INFO [ShareCoordinator id=1] Shutdown complete. (org.apache.kafka.coordinator.share.ShareCoordinatorService)
[2025-10-01 23:01:25,060] INFO [AssignmentsManager id=1]KafkaEventQueue#close: shutting down event queue. (org.apache.kafka.queue.KafkaEventQueue)
[2025-10-01 23:01:25,060] INFO [AssignmentsManager id=1] shutting down. (org.apache.kafka.server.AssignmentsManager)
[2025-10-01 23:01:25,060] INFO [broker-1-to-controller-directory-assignments-channel-manager]: Shutting down (kafka.server.NodeToControllerRequestThread)
[2025-10-01 23:01:25,060] INFO [broker-1-to-controller-directory-assignments-channel-manager]: Stopped (kafka.server.NodeToControllerRequestThread)
[2025-10-01 23:01:25,060] INFO [broker-1-to-controller-directory-assignments-channel-manager]: Shutdown completed (kafka.server.NodeToControllerRequestThread)
[2025-10-01 23:01:25,060] INFO Node to controller channel manager for directory-assignments shutdown (kafka.server.NodeToControllerChannelManagerImpl)
[2025-10-01 23:01:25,060] INFO [AssignmentsManager id=1]closed event queue. (org.apache.kafka.queue.KafkaEventQueue)
[2025-10-01 23:01:25,060] INFO [ReplicaManager broker=1] Shutting down (kafka.server.ReplicaManager)
[2025-10-01 23:01:25,061] INFO [LogDirFailureHandler]: Shutting down (kafka.server.ReplicaManager$LogDirFailureHandler)
[2025-10-01 23:01:25,061] INFO [LogDirFailureHandler]: Stopped (kafka.server.ReplicaManager$LogDirFailureHandler)
[2025-10-01 23:01:25,061] INFO [LogDirFailureHandler]: Shutdown completed (kafka.server.ReplicaManager$LogDirFailureHandler)
[2025-10-01 23:01:25,061] INFO [ReplicaFetcherManager on broker 1] shutting down (kafka.server.ReplicaFetcherManager)
[2025-10-01 23:01:25,061] INFO [ReplicaFetcherManager on broker 1] shutdown completed (kafka.server.ReplicaFetcherManager)
[2025-10-01 23:01:25,061] INFO [ReplicaAlterLogDirsManager on broker 1] shutting down (kafka.server.ReplicaAlterLogDirsManager)
[2025-10-01 23:01:25,062] INFO [ReplicaAlterLogDirsManager on broker 1] shutdown completed (kafka.server.ReplicaAlterLogDirsManager)
[2025-10-01 23:01:25,062] INFO [ExpirationReaper-1-Fetch]: Shutting down (org.apache.kafka.server.purgatory.DelayedOperationPurgatory$ExpiredOperationReaper)
[2025-10-01 23:01:25,062] INFO [ExpirationReaper-1-Fetch]: Stopped (org.apache.kafka.server.purgatory.DelayedOperationPurgatory$ExpiredOperationReaper)
[2025-10-01 23:01:25,062] INFO [ExpirationReaper-1-Fetch]: Shutdown completed (org.apache.kafka.server.purgatory.DelayedOperationPurgatory$ExpiredOperationReaper)
[2025-10-01 23:01:25,062] INFO [ExpirationReaper-1-RemoteFetch]: Shutting down (org.apache.kafka.server.purgatory.DelayedOperationPurgatory$ExpiredOperationReaper)
[2025-10-01 23:01:25,063] INFO [ExpirationReaper-1-RemoteFetch]: Shutdown completed (org.apache.kafka.server.purgatory.DelayedOperationPurgatory$ExpiredOperationReaper)
[2025-10-01 23:01:25,063] INFO [ExpirationReaper-1-RemoteFetch]: Stopped (org.apache.kafka.server.purgatory.DelayedOperationPurgatory$ExpiredOperationReaper)
[2025-10-01 23:01:25,063] INFO [ExpirationReaper-1-RemoteListOffsets]: Shutting down (org.apache.kafka.server.purgatory.DelayedOperationPurgatory$ExpiredOperationReaper)
[2025-10-01 23:01:25,063] INFO [ExpirationReaper-1-RemoteListOffsets]: Stopped (org.apache.kafka.server.purgatory.DelayedOperationPurgatory$ExpiredOperationReaper)
[2025-10-01 23:01:25,063] INFO [ExpirationReaper-1-RemoteListOffsets]: Shutdown completed (org.apache.kafka.server.purgatory.DelayedOperationPurgatory$ExpiredOperationReaper)
[2025-10-01 23:01:25,063] INFO [ExpirationReaper-1-Produce]: Shutting down (org.apache.kafka.server.purgatory.DelayedOperationPurgatory$ExpiredOperationReaper)
[2025-10-01 23:01:25,063] INFO [ExpirationReaper-1-Produce]: Stopped (org.apache.kafka.server.purgatory.DelayedOperationPurgatory$ExpiredOperationReaper)
[2025-10-01 23:01:25,063] INFO [ExpirationReaper-1-Produce]: Shutdown completed (org.apache.kafka.server.purgatory.DelayedOperationPurgatory$ExpiredOperationReaper)
[2025-10-01 23:01:25,063] INFO [ExpirationReaper-1-DeleteRecords]: Shutting down (org.apache.kafka.server.purgatory.DelayedOperationPurgatory$ExpiredOperationReaper)
[2025-10-01 23:01:25,063] INFO [ExpirationReaper-1-DeleteRecords]: Stopped (org.apache.kafka.server.purgatory.DelayedOperationPurgatory$ExpiredOperationReaper)
[2025-10-01 23:01:25,063] INFO [ExpirationReaper-1-DeleteRecords]: Shutdown completed (org.apache.kafka.server.purgatory.DelayedOperationPurgatory$ExpiredOperationReaper)
[2025-10-01 23:01:25,063] INFO [ExpirationReaper-1-ShareFetch]: Shutting down (org.apache.kafka.server.purgatory.DelayedOperationPurgatory$ExpiredOperationReaper)
[2025-10-01 23:01:25,063] INFO [ExpirationReaper-1-ShareFetch]: Shutdown completed (org.apache.kafka.server.purgatory.DelayedOperationPurgatory$ExpiredOperationReaper)
[2025-10-01 23:01:25,063] INFO [ExpirationReaper-1-ShareFetch]: Stopped (org.apache.kafka.server.purgatory.DelayedOperationPurgatory$ExpiredOperationReaper)
[2025-10-01 23:01:25,068] INFO [AddPartitionsToTxnSenderThread-1]: Shutting down (org.apache.kafka.server.transaction.AddPartitionsToTxnManager)
[2025-10-01 23:01:25,068] INFO [AddPartitionsToTxnSenderThread-1]: Stopped (org.apache.kafka.server.transaction.AddPartitionsToTxnManager)
[2025-10-01 23:01:25,068] INFO [AddPartitionsToTxnSenderThread-1]: Shutdown completed (org.apache.kafka.server.transaction.AddPartitionsToTxnManager)
[2025-10-01 23:01:25,069] INFO [ReplicaManager broker=1] Shut down completely (kafka.server.ReplicaManager)
[2025-10-01 23:01:25,069] INFO [broker-1-to-controller-alter-partition-channel-manager]: Shutting down (kafka.server.NodeToControllerRequestThread)
[2025-10-01 23:01:25,069] INFO [broker-1-to-controller-alter-partition-channel-manager]: Shutdown completed (kafka.server.NodeToControllerRequestThread)
[2025-10-01 23:01:25,069] INFO [broker-1-to-controller-alter-partition-channel-manager]: Stopped (kafka.server.NodeToControllerRequestThread)
[2025-10-01 23:01:25,069] INFO Node to controller channel manager for alter-partition shutdown (kafka.server.NodeToControllerChannelManagerImpl)
[2025-10-01 23:01:25,069] INFO [broker-1-to-controller-forwarding-channel-manager]: Shutting down (kafka.server.NodeToControllerRequestThread)
[2025-10-01 23:01:25,069] INFO [broker-1-to-controller-forwarding-channel-manager]: Shutdown completed (kafka.server.NodeToControllerRequestThread)
[2025-10-01 23:01:25,069] INFO [broker-1-to-controller-forwarding-channel-manager]: Stopped (kafka.server.NodeToControllerRequestThread)
[2025-10-01 23:01:25,069] INFO Node to controller channel manager for forwarding shutdown (kafka.server.NodeToControllerChannelManagerImpl)
[2025-10-01 23:01:25,070] INFO Shutting down. (kafka.log.LogManager)
[2025-10-01 23:01:25,083] INFO [ProducerStateManager partition=__consumer_offsets-29] Wrote producer snapshot at offset 2218 with 0 producer ids in 5 ms. (org.apache.kafka.storage.internals.log.ProducerStateManager)
[2025-10-01 23:01:25,101] INFO [ProducerStateManager partition=transactions.raw-0] Wrote producer snapshot at offset 2382 with 0 producer ids in 5 ms. (org.apache.kafka.storage.internals.log.ProducerStateManager)
[2025-10-01 23:01:25,131] INFO [ProducerStateManager partition=behaviours.scored-0] Wrote producer snapshot at offset 2385 with 0 producer ids in 4 ms. (org.apache.kafka.storage.internals.log.ProducerStateManager)
[2025-10-01 23:01:25,173] INFO [ProducerStateManager partition=__consumer_offsets-3] Wrote producer snapshot at offset 2301 with 0 producer ids in 2 ms. (org.apache.kafka.storage.internals.log.ProducerStateManager)
[2025-10-01 23:01:25,201] INFO [ProducerStateManager partition=__consumer_offsets-32] Wrote producer snapshot at offset 2285 with 0 producer ids in 4 ms. (org.apache.kafka.storage.internals.log.ProducerStateManager)
[2025-10-01 23:01:25,243] INFO [ProducerStateManager partition=__consumer_offsets-11] Wrote producer snapshot at offset 2345 with 0 producer ids in 3 ms. (org.apache.kafka.storage.internals.log.ProducerStateManager)
[2025-10-01 23:01:25,252] INFO [ProducerStateManager partition=transactions.scored-0] Wrote producer snapshot at offset 2304 with 0 producer ids in 4 ms. (org.apache.kafka.storage.internals.log.ProducerStateManager)
[2025-10-01 23:01:25,285] INFO [ProducerStateManager partition=__consumer_offsets-22] Wrote producer snapshot at offset 2306 with 0 producer ids in 4 ms. (org.apache.kafka.storage.internals.log.ProducerStateManager)
[2025-10-01 23:01:25,313] INFO [ProducerStateManager partition=__consumer_offsets-4] Wrote producer snapshot at offset 2323 with 0 producer ids in 4 ms. (org.apache.kafka.storage.internals.log.ProducerStateManager)
[2025-10-01 23:01:25,343] INFO [ProducerStateManager partition=behaviours.raw-0] Wrote producer snapshot at offset 2382 with 0 producer ids in 4 ms. (org.apache.kafka.storage.internals.log.ProducerStateManager)
[2025-10-01 23:01:25,385] INFO Shutdown complete. (kafka.log.LogManager)
[2025-10-01 23:01:25,385] INFO [broker-1-ThrottledChannelReaper-Fetch]: Shutting down (kafka.server.ClientQuotaManager$ThrottledChannelReaper)
[2025-10-01 23:01:25,385] INFO [broker-1-ThrottledChannelReaper-Fetch]: Shutdown completed (kafka.server.ClientQuotaManager$ThrottledChannelReaper)
[2025-10-01 23:01:25,385] INFO [broker-1-ThrottledChannelReaper-Fetch]: Stopped (kafka.server.ClientQuotaManager$ThrottledChannelReaper)
[2025-10-01 23:01:25,386] INFO [broker-1-ThrottledChannelReaper-Produce]: Shutting down (kafka.server.ClientQuotaManager$ThrottledChannelReaper)
[2025-10-01 23:01:25,386] INFO [broker-1-ThrottledChannelReaper-Produce]: Stopped (kafka.server.ClientQuotaManager$ThrottledChannelReaper)
[2025-10-01 23:01:25,386] INFO [broker-1-ThrottledChannelReaper-Produce]: Shutdown completed (kafka.server.ClientQuotaManager$ThrottledChannelReaper)
[2025-10-01 23:01:25,386] INFO [broker-1-ThrottledChannelReaper-Request]: Shutting down (kafka.server.ClientQuotaManager$ThrottledChannelReaper)
[2025-10-01 23:01:25,386] INFO [broker-1-ThrottledChannelReaper-Request]: Shutdown completed (kafka.server.ClientQuotaManager$ThrottledChannelReaper)
[2025-10-01 23:01:25,386] INFO [broker-1-ThrottledChannelReaper-Request]: Stopped (kafka.server.ClientQuotaManager$ThrottledChannelReaper)
[2025-10-01 23:01:25,386] INFO [broker-1-ThrottledChannelReaper-ControllerMutation]: Shutting down (kafka.server.ClientQuotaManager$ThrottledChannelReaper)
[2025-10-01 23:01:25,386] INFO [broker-1-ThrottledChannelReaper-ControllerMutation]: Stopped (kafka.server.ClientQuotaManager$ThrottledChannelReaper)
[2025-10-01 23:01:25,386] INFO [broker-1-ThrottledChannelReaper-ControllerMutation]: Shutdown completed (kafka.server.ClientQuotaManager$ThrottledChannelReaper)
[2025-10-01 23:01:25,386] INFO [SocketServer listenerType=BROKER, nodeId=1] Shutting down socket server (kafka.network.SocketServer)
[2025-10-01 23:01:25,395] INFO [SocketServer listenerType=BROKER, nodeId=1] Shutdown completed (kafka.network.SocketServer)
[2025-10-01 23:01:25,395] INFO Broker and topic stats closed (org.apache.kafka.storage.log.metrics.BrokerTopicStats)
[2025-10-01 23:01:25,395] INFO [share-group-lock-timeout-reaper]: Shutting down (org.apache.kafka.server.util.timer.SystemTimerReaper$Reaper)
[2025-10-01 23:01:25,395] INFO [share-group-lock-timeout-reaper]: Shutdown completed (org.apache.kafka.server.util.timer.SystemTimerReaper$Reaper)
[2025-10-01 23:01:25,395] INFO [share-group-lock-timeout-reaper]: Stopped (org.apache.kafka.server.util.timer.SystemTimerReaper$Reaper)
[2025-10-01 23:01:25,396] INFO [PersisterStateManager]: Shutting down (org.apache.kafka.server.share.persister.PersisterStateManager$SendThread)
[2025-10-01 23:01:25,396] INFO [PersisterStateManager]: Stopped (org.apache.kafka.server.share.persister.PersisterStateManager$SendThread)
[2025-10-01 23:01:25,396] INFO [PersisterStateManager]: Shutdown completed (org.apache.kafka.server.share.persister.PersisterStateManager$SendThread)
[2025-10-01 23:01:25,396] INFO [persister-state-manager-reaper]: Shutting down (org.apache.kafka.server.util.timer.SystemTimerReaper$Reaper)
[2025-10-01 23:01:25,396] INFO [persister-state-manager-reaper]: Shutdown completed (org.apache.kafka.server.util.timer.SystemTimerReaper$Reaper)
[2025-10-01 23:01:25,396] INFO [persister-state-manager-reaper]: Stopped (org.apache.kafka.server.util.timer.SystemTimerReaper$Reaper)
[2025-10-01 23:01:25,396] INFO [BrokerLifecycleManager id=1] closed event queue. (org.apache.kafka.queue.KafkaEventQueue)
[2025-10-01 23:01:25,397] INFO [client-metrics-reaper]: Shutting down (org.apache.kafka.server.util.timer.SystemTimerReaper$Reaper)
[2025-10-01 23:01:25,397] INFO [client-metrics-reaper]: Stopped (org.apache.kafka.server.util.timer.SystemTimerReaper$Reaper)
[2025-10-01 23:01:25,397] INFO [client-metrics-reaper]: Shutdown completed (org.apache.kafka.server.util.timer.SystemTimerReaper$Reaper)
[2025-10-01 23:01:25,397] INFO [BrokerServer id=1] shut down completed (kafka.server.BrokerServer)
[2025-10-01 23:01:25,397] INFO [BrokerServer id=1] Transition from SHUTTING_DOWN to SHUTDOWN (kafka.server.BrokerServer)
[2025-10-01 23:01:25,397] INFO [ControllerServer id=1] shutting down (kafka.server.ControllerServer)
[2025-10-01 23:01:25,397] INFO [raft-expiration-reaper]: Shutting down (org.apache.kafka.raft.TimingWheelExpirationService$ExpiredOperationReaper)
[2025-10-01 23:01:25,499] INFO [raft-expiration-reaper]: Stopped (org.apache.kafka.raft.TimingWheelExpirationService$ExpiredOperationReaper)
[2025-10-01 23:01:25,499] INFO [raft-expiration-reaper]: Shutdown completed (org.apache.kafka.raft.TimingWheelExpirationService$ExpiredOperationReaper)
[2025-10-01 23:01:25,500] INFO [kafka-1-raft-io-thread]: Shutting down (org.apache.kafka.raft.KafkaRaftClientDriver)
[2025-10-01 23:01:25,500] INFO [RaftManager id=1] Beginning graceful shutdown (org.apache.kafka.raft.KafkaRaftClient)
[2025-10-01 23:01:25,500] INFO [RaftManager id=1] Graceful shutdown completed (org.apache.kafka.raft.KafkaRaftClient)
[2025-10-01 23:01:25,500] INFO [RaftManager id=1] Completed graceful shutdown of RaftClient (org.apache.kafka.raft.KafkaRaftClientDriver)
[2025-10-01 23:01:25,500] INFO [kafka-1-raft-io-thread]: Stopped (org.apache.kafka.raft.KafkaRaftClientDriver)
[2025-10-01 23:01:25,500] INFO [kafka-1-raft-io-thread]: Shutdown completed (org.apache.kafka.raft.KafkaRaftClientDriver)
[2025-10-01 23:01:25,505] INFO [kafka-1-raft-outbound-request-thread]: Shutting down (org.apache.kafka.raft.KafkaNetworkChannel$SendThread)
[2025-10-01 23:01:25,505] INFO [kafka-1-raft-outbound-request-thread]: Stopped (org.apache.kafka.raft.KafkaNetworkChannel$SendThread)
[2025-10-01 23:01:25,505] INFO [kafka-1-raft-outbound-request-thread]: Shutdown completed (org.apache.kafka.raft.KafkaNetworkChannel$SendThread)
[2025-10-01 23:01:25,509] INFO [ProducerStateManager partition=__cluster_metadata-0] Wrote producer snapshot at offset 28267 with 0 producer ids in 4 ms. (org.apache.kafka.storage.internals.log.ProducerStateManager)
[2025-10-01 23:01:25,514] INFO [ControllerRegistrationManager id=1 incarnation=E-RF8o25RtOaaFzcuXrtYw] beginShutdown: shutting down event queue. (org.apache.kafka.queue.KafkaEventQueue)
[2025-10-01 23:01:25,515] INFO [ControllerRegistrationManager id=1 incarnation=E-RF8o25RtOaaFzcuXrtYw] shutting down. (kafka.server.ControllerRegistrationManager)
[2025-10-01 23:01:25,515] INFO [controller-1-to-controller-registration-channel-manager]: Shutting down (kafka.server.NodeToControllerRequestThread)
[2025-10-01 23:01:25,515] INFO [controller-1-to-controller-registration-channel-manager]: Shutdown completed (kafka.server.NodeToControllerRequestThread)
[2025-10-01 23:01:25,515] INFO [controller-1-to-controller-registration-channel-manager]: Stopped (kafka.server.NodeToControllerRequestThread)
[2025-10-01 23:01:25,515] INFO Node to controller channel manager for registration shutdown (kafka.server.NodeToControllerChannelManagerImpl)
[2025-10-01 23:01:25,515] INFO [ControllerRegistrationManager id=1 incarnation=E-RF8o25RtOaaFzcuXrtYw] closed event queue. (org.apache.kafka.queue.KafkaEventQueue)
[2025-10-01 23:01:25,515] INFO [controller-1-to-controller-registration-channel-manager]: Shutdown completed (kafka.server.NodeToControllerRequestThread)
[2025-10-01 23:01:25,515] WARN [NodeToControllerChannelManager id=1 name=registration] Attempting to close NetworkClient that has already been closed. (org.apache.kafka.clients.NetworkClient)
[2025-10-01 23:01:25,515] INFO Node to controller channel manager for registration shutdown (kafka.server.NodeToControllerChannelManagerImpl)
[2025-10-01 23:01:25,515] INFO [ControllerRegistrationManager id=1 incarnation=E-RF8o25RtOaaFzcuXrtYw] closed event queue. (org.apache.kafka.queue.KafkaEventQueue)
[2025-10-01 23:01:25,516] INFO [SocketServer listenerType=CONTROLLER, nodeId=1] Stopping socket server request processors (kafka.network.SocketServer)
[2025-10-01 23:01:25,518] INFO [SocketServer listenerType=CONTROLLER, nodeId=1] Stopped socket server request processors (kafka.network.SocketServer)
[2025-10-01 23:01:25,518] INFO [QuorumController id=1] QuorumController#beginShutdown: shutting down event queue. (org.apache.kafka.queue.KafkaEventQueue)
[2025-10-01 23:01:25,518] INFO [SocketServer listenerType=CONTROLLER, nodeId=1] Shutting down socket server (kafka.network.SocketServer)
[2025-10-01 23:01:25,521] INFO [SocketServer listenerType=CONTROLLER, nodeId=1] Shutdown completed (kafka.network.SocketServer)
[2025-10-01 23:01:25,521] INFO [data-plane Kafka Request Handler on Controller 1] shutting down (kafka.server.KafkaRequestHandlerPool)
[2025-10-01 23:01:25,522] INFO [data-plane Kafka Request Handler on Controller 1] shut down completely (kafka.server.KafkaRequestHandlerPool)
[2025-10-01 23:01:25,522] INFO [ExpirationReaper-1-AlterAcls]: Shutting down (org.apache.kafka.server.purgatory.DelayedOperationPurgatory$ExpiredOperationReaper)
[2025-10-01 23:01:25,522] INFO [ExpirationReaper-1-AlterAcls]: Shutdown completed (org.apache.kafka.server.purgatory.DelayedOperationPurgatory$ExpiredOperationReaper)
[2025-10-01 23:01:25,522] INFO [ExpirationReaper-1-AlterAcls]: Stopped (org.apache.kafka.server.purgatory.DelayedOperationPurgatory$ExpiredOperationReaper)
[2025-10-01 23:01:25,522] INFO [controller-1-ThrottledChannelReaper-Fetch]: Shutting down (kafka.server.ClientQuotaManager$ThrottledChannelReaper)
[2025-10-01 23:01:25,522] INFO [controller-1-ThrottledChannelReaper-Fetch]: Shutdown completed (kafka.server.ClientQuotaManager$ThrottledChannelReaper)
[2025-10-01 23:01:25,522] INFO [controller-1-ThrottledChannelReaper-Fetch]: Stopped (kafka.server.ClientQuotaManager$ThrottledChannelReaper)
[2025-10-01 23:01:25,522] INFO [controller-1-ThrottledChannelReaper-Produce]: Shutting down (kafka.server.ClientQuotaManager$ThrottledChannelReaper)
[2025-10-01 23:01:25,522] INFO [controller-1-ThrottledChannelReaper-Produce]: Stopped (kafka.server.ClientQuotaManager$ThrottledChannelReaper)
[2025-10-01 23:01:25,522] INFO [controller-1-ThrottledChannelReaper-Produce]: Shutdown completed (kafka.server.ClientQuotaManager$ThrottledChannelReaper)
[2025-10-01 23:01:25,522] INFO [controller-1-ThrottledChannelReaper-Request]: Shutting down (kafka.server.ClientQuotaManager$ThrottledChannelReaper)
[2025-10-01 23:01:25,522] INFO [controller-1-ThrottledChannelReaper-Request]: Shutdown completed (kafka.server.ClientQuotaManager$ThrottledChannelReaper)
[2025-10-01 23:01:25,522] INFO [controller-1-ThrottledChannelReaper-Request]: Stopped (kafka.server.ClientQuotaManager$ThrottledChannelReaper)
[2025-10-01 23:01:25,522] INFO [controller-1-ThrottledChannelReaper-ControllerMutation]: Shutting down (kafka.server.ClientQuotaManager$ThrottledChannelReaper)
[2025-10-01 23:01:25,522] INFO [controller-1-ThrottledChannelReaper-ControllerMutation]: Shutdown completed (kafka.server.ClientQuotaManager$ThrottledChannelReaper)
[2025-10-01 23:01:25,522] INFO [controller-1-ThrottledChannelReaper-ControllerMutation]: Stopped (kafka.server.ClientQuotaManager$ThrottledChannelReaper)
[2025-10-01 23:01:25,523] INFO [QuorumController id=1] closed event queue. (org.apache.kafka.queue.KafkaEventQueue)
[2025-10-01 23:01:25,523] INFO [SharedServer id=1] Stopping SharedServer (kafka.server.SharedServer)
[2025-10-01 23:01:25,523] INFO [MetadataLoader id=1] beginShutdown: shutting down event queue. (org.apache.kafka.queue.KafkaEventQueue)
[2025-10-01 23:01:25,523] INFO [SnapshotGenerator id=1] close: shutting down event queue. (org.apache.kafka.queue.KafkaEventQueue)
[2025-10-01 23:01:25,523] INFO [SnapshotGenerator id=1] closed event queue. (org.apache.kafka.queue.KafkaEventQueue)
[2025-10-01 23:01:25,524] INFO [MetadataLoader id=1] closed event queue. (org.apache.kafka.queue.KafkaEventQueue)
[2025-10-01 23:01:25,524] INFO [SnapshotGenerator id=1] closed event queue. (org.apache.kafka.queue.KafkaEventQueue)
[2025-10-01 23:01:25,524] INFO Metrics scheduler closed (org.apache.kafka.common.metrics.Metrics)
[2025-10-01 23:01:25,524] INFO Closing reporter org.apache.kafka.common.metrics.JmxReporter (org.apache.kafka.common.metrics.Metrics)
[2025-10-01 23:01:25,524] INFO Metrics reporters closed (org.apache.kafka.common.metrics.Metrics)
[2025-10-01 23:01:25,525] INFO App info kafka.server for 1 unregistered (org.apache.kafka.common.utils.AppInfoParser)
[2025-10-01 23:01:25,525] INFO App info kafka.server for 1 unregistered (org.apache.kafka.common.utils.AppInfoParser)
